Archive member included because of file (symbol)

contiki-sky.a(contiki-sky-pla)
                              obj_sky/contiki-sky-main.o (init_platform)
contiki-sky.a(sht11-sensor.o)
                              EventDetection.co (sht11_sensor)
contiki-sky.a(light-sensor.o)
                              EventDetection.co (light_sensor)
contiki-sky.a(button-sensor.o)
                              EventDetection.co (button_sensor)
contiki-sky.a(ds2411.o)       obj_sky/contiki-sky-main.o (ds2411_init)
contiki-sky.a(xmem.o)         obj_sky/contiki-sky-main.o (xmem_init)
contiki-sky.a(node-id.o)      obj_sky/contiki-sky-main.o (node_id_restore)
contiki-sky.a(sensors.o)      contiki-sky.a(button-sensor.o) (sensors_changed)
contiki-sky.a(cc2420.o)       obj_sky/contiki-sky-main.o (cc2420_set_pan_addr)
contiki-sky.a(cc2420-arch.o)  contiki-sky.a(cc2420.o) (cc2420_arch_init)
contiki-sky.a(sky-sensors.o)  contiki-sky.a(light-sensor.o) (sky_sensors_status)
contiki-sky.a(uart1.o)        obj_sky/contiki-sky-main.o (uart1_active)
contiki-sky.a(slip_uart1.o)   obj_sky/contiki-sky-main.o (putchar)
contiki-sky.a(slip.o)         obj_sky/contiki-sky-main.o (slip_set_input_callback)
contiki-sky.a(msp430.o)       contiki-sky.a(uart1.o) (msp430_add_lpm_req)
contiki-sky.a(clock.o)        EventDetection.co (clock_time)
contiki-sky.a(leds.o)         obj_sky/contiki-sky-main.o (leds_init)
contiki-sky.a(leds-arch.o)    contiki-sky.a(leds.o) (leds_arch_init)
contiki-sky.a(watchdog.o)     obj_sky/contiki-sky-main.o (watchdog_start)
contiki-sky.a(rtimer-arch.o)  obj_sky/contiki-sky-main.o (rtimer_arch_now)
contiki-sky.a(autostart.o)    obj_sky/contiki-sky-main.o (autostart_start)
contiki-sky.a(ctimer.o)       obj_sky/contiki-sky-main.o (ctimer_init)
contiki-sky.a(energest.o)     obj_sky/contiki-sky-main.o (energest_init)
contiki-sky.a(etimer.o)       contiki-sky.a(clock.o) (etimer_request_poll)
contiki-sky.a(process.o)      contiki-sky.a(ctimer.o) (process_current)
contiki-sky.a(rtimer.o)       obj_sky/contiki-sky-main.o (rtimer_init)
contiki-sky.a(timer.o)        obj_sky/contiki-sky-main.o (timer_set)
contiki-sky.a(list.o)         contiki-sky.a(ctimer.o) (list_init)
contiki-sky.a(random.o)       obj_sky/contiki-sky-main.o (random_init)
contiki-sky.a(uip.o)          contiki-sky.a(slip.o) (uip_aligned_buf)
contiki-sky.a(uip-fw.o)       obj_sky/contiki-sky-main.o (uip_fw_default)
contiki-sky.a(uip-fw-drv.o)   obj_sky/contiki-sky-main.o (uip_fw_process)
contiki-sky.a(uip-over-mesh.o)
                              obj_sky/contiki-sky-main.o (uip_over_mesh_init)
contiki-sky.a(tcpip.o)        contiki-sky.a(uip-fw-drv.o) (tcpip_set_outputfunc)
contiki-sky.a(broadcast.o)    EventDetection.co (broadcast_open)
contiki-sky.a(channel.o)      contiki-sky.a(broadcast.o) (channel_set_attributes)
contiki-sky.a(rime.o)         obj_sky/contiki-sky-main.o (rime_driver)
contiki-sky.a(route.o)        contiki-sky.a(uip-over-mesh.o) (route_init)
contiki-sky.a(route-discovery)
                              contiki-sky.a(uip-over-mesh.o) (route_discovery_open)
contiki-sky.a(trickle.o)      contiki-sky.a(uip-over-mesh.o) (trickle_open)
contiki-sky.a(unicast.o)      contiki-sky.a(uip-over-mesh.o) (unicast_open)
contiki-sky.a(csma.o)         obj_sky/contiki-sky-main.o (csma_driver)
contiki-sky.a(mac.o)          contiki-sky.a(csma.o) (mac_call_sent_callback)
contiki-sky.a(linkaddr.o)     obj_sky/contiki-sky-main.o (linkaddr_copy)
contiki-sky.a(packetbuf.o)    contiki-sky.a(rime.o) (packetbuf_compact)
contiki-sky.a(queuebuf.o)     contiki-sky.a(rime.o) (queuebuf_init)
contiki-sky.a(contikimac.o)   obj_sky/contiki-sky-main.o (contikimac_driver)
contiki-sky.a(contikimac-fram)
                              contiki-sky.a(contikimac.o) (contikimac_framer)
contiki-sky.a(nullsec.o)      obj_sky/contiki-sky-main.o (nullsec_driver)
contiki-sky.a(sht11.o)        contiki-sky.a(sht11-sensor.o) (sht11_init)
contiki-sky.a(spi.o)          contiki-sky.a(xmem.o) (spi_init)
contiki-sky.a(uip-ipchksum.o)
                              contiki-sky.a(slip.o) (uip_ipchksum)
contiki-sky.a(compower.o)     contiki-sky.a(contikimac.o) (compower_idle_activity)
contiki-sky.a(memb.o)         contiki-sky.a(route.o) (memb_init)
contiki-sky.a(abc.o)          contiki-sky.a(broadcast.o) (abc_open)
contiki-sky.a(announcement.o)
                              contiki-sky.a(rime.o) (announcement_init)
contiki-sky.a(broadcast-annou)
                              contiki-sky.a(rime.o) (broadcast_announcement_init)
contiki-sky.a(chameleon.o)    contiki-sky.a(rime.o) (chameleon_init)
contiki-sky.a(netflood.o)     contiki-sky.a(route-discovery) (netflood_open)
contiki-sky.a(framer-802154.o)
                              contiki-sky.a(contikimac-fram) (framer_802154)
contiki-sky.a(framer.o)       contiki-sky.a(framer-802154.o) (framer_canonical_create_and_secure)
contiki-sky.a(mac-sequence.o)
                              contiki-sky.a(contikimac.o) (mac_sequence_is_duplicate)
contiki-sky.a(chameleon-bitop)
[...]
Memory Configuration

Name             Origin             Length             Attributes
sfr              0x00000000         0x00000010
peripheral_8bit  0x00000010         0x000000f0
peripheral_16bit 0x00000100         0x00000100
ram_mirror       0x00000200         0x00000800         xw
infomem          0x00001000         0x00000100
infob            0x00001000         0x00000080
infoa            0x00001080         0x00000080
ram              0x00001100         0x00002800         xw
rom              0x00004000         0x0000bfe0         xr
vectors          0x0000ffe0         0x00000020
bsl              0x00000000         0x00000000
infoc            0x00000000         0x00000000
infod            0x00000000         0x00000000
ram2             0x00000000         0x00000000         xw
usbram           0x00000000         0x00000000         xw
far_rom          0x00000000         0x00000000
*default*        0x00000000         0xffffffff

Linker script and memory map

LOAD /usr/local/msp430/bin/../lib/gcc/msp430/4.7.0/mmpy-16/crt0ivtbl16.o
LOAD EventDetection.co
LOAD obj_sky/contiki-sky-main.o
LOAD contiki-sky.a
LOAD /usr/local/msp430/bin/../lib/gcc/msp430/4.7.0/mmpy-16/libgcc.a
LOAD /usr/local/msp430/bin/../lib/gcc/msp430/4.7.0/../../../../msp430/lib/mmpy-16/libc.a
LOAD /usr/local/msp430/bin/../lib/gcc/msp430/4.7.0/mmpy-16/libgcc.a
LOAD /usr/local/msp430/bin/../lib/gcc/msp430/4.7.0/mmpy-16/libcrt0.a
                0x00000080                PROVIDE (__info_segment_size, 0x80)
                0x00001000                PROVIDE (__infob, 0x1000)
                0x00001080                PROVIDE (__infoa, 0x1080)
                0x00000000                __IE1 = 0x0
                0x00000002                __IFG1 = 0x2
                0x00000004                __ME1 = 0x4
                0x00000001                __IE2 = 0x1
                0x00000003                __IFG2 = 0x3
                0x00000005                __ME2 = 0x5
                0x00000120                __WDTCTL = 0x120
                0x00000130                __MPY = 0x130
                0x00000132                __MPYS = 0x132
                0x00000134                __MAC = 0x134
                0x00000136                __MACS = 0x136
                0x00000138                __OP2 = 0x138
                0x0000013a                __RESLO = 0x13a
                0x0000013c                __RESHI = 0x13c
                0x0000013e                __SUMEXT = 0x13e
                0x00000020                __P1IN = 0x20
                0x00000021                __P1OUT = 0x21
                0x00000022                __P1DIR = 0x22
                0x00000023                __P1IFG = 0x23
                0x00000024                __P1IES = 0x24
                0x00000025                __P1IE = 0x25
                0x00000026                __P1SEL = 0x26
                0x00000028                __P2IN = 0x28
                0x00000029                __P2OUT = 0x29
                0x0000002a                __P2DIR = 0x2a
                0x0000002b                __P2IFG = 0x2b
                0x0000002c                __P2IES = 0x2c
                0x0000002d                __P2IE = 0x2d
                0x0000002e                __P2SEL = 0x2e
                0x00000018                __P3IN = 0x18
                0x00000019                __P3OUT = 0x19
                0x0000001a                __P3DIR = 0x1a
                0x0000001b                __P3SEL = 0x1b
                0x0000001c                __P4IN = 0x1c
                0x0000001d                __P4OUT = 0x1d
                0x0000001e                __P4DIR = 0x1e
                0x0000001f                __P4SEL = 0x1f
                0x00000030                __P5IN = 0x30
                0x00000031                __P5OUT = 0x31
                0x00000032                __P5DIR = 0x32
                0x00000033                __P5SEL = 0x33
                0x00000034                __P6IN = 0x34
                0x00000035                __P6OUT = 0x35
                0x00000036                __P6DIR = 0x36
                0x00000037                __P6SEL = 0x37
                0x00000070                __U0CTL = 0x70
                0x00000071                __U0TCTL = 0x71
                0x00000072                __U0RCTL = 0x72
                0x00000073                __U0MCTL = 0x73
                0x00000074                __U0BR0 = 0x74
                0x00000075                __U0BR1 = 0x75
                0x00000076                __U0RXBUF = 0x76
                0x00000077                __U0TXBUF = 0x77
                0x00000078                __U1CTL = 0x78
                0x00000079                __U1TCTL = 0x79
                0x0000007a                __U1RCTL = 0x7a
                0x0000007b                __U1MCTL = 0x7b
                0x0000007c                __U1BR0 = 0x7c
                0x0000007d                __U1BR1 = 0x7d
                0x0000007e                __U1RXBUF = 0x7e
                0x0000007f                __U1TXBUF = 0x7f
                0x00000050                __I2CIE = 0x50
                0x00000051                __I2CIFG = 0x51
                0x00000052                __I2CNDAT = 0x52
                0x00000071                __I2CTCTL = 0x71
                0x00000072                __I2CDCTL = 0x72
                0x00000073                __I2CPSC = 0x73
                0x00000074                __I2CSCLH = 0x74
                0x00000075                __I2CSCLL = 0x75
                0x00000076                __I2CDRB = 0x76
                0x00000076                __I2CDRW = 0x76
                0x00000118                __I2COA = 0x118
                0x0000011a                __I2CSA = 0x11a
                0x0000011c                __I2CIV = 0x11c
                0x0000012e                __TAIV = 0x12e
                0x00000160                __TACTL = 0x160
                0x00000162                __TACCTL0 = 0x162
                0x00000164                __TACCTL1 = 0x164
                0x00000166                __TACCTL2 = 0x166
                0x00000170                __TAR = 0x170
                0x00000172                __TACCR0 = 0x172
                0x00000174                __TACCR1 = 0x174
                0x00000176                __TACCR2 = 0x176
                0x0000011e                __TBIV = 0x11e
                0x00000180                __TBCTL = 0x180
                0x00000182                __TBCCTL0 = 0x182
                0x00000184                __TBCCTL1 = 0x184
                0x00000186                __TBCCTL2 = 0x186
                0x00000188                __TBCCTL3 = 0x188
                0x0000018a                __TBCCTL4 = 0x18a
                0x0000018c                __TBCCTL5 = 0x18c
                0x0000018e                __TBCCTL6 = 0x18e
                0x00000190                __TBR = 0x190
                0x00000192                __TBCCR0 = 0x192
                0x00000194                __TBCCR1 = 0x194
                0x00000196                __TBCCR2 = 0x196
                0x00000198                __TBCCR3 = 0x198
                0x0000019a                __TBCCR4 = 0x19a
                0x0000019c                __TBCCR5 = 0x19c
                0x0000019e                __TBCCR6 = 0x19e
                0x00000056                __DCOCTL = 0x56
                0x00000057                __BCSCTL1 = 0x57
                0x00000058                __BCSCTL2 = 0x58
                0x00000055                __SVSCTL = 0x55
                0x00000128                __FCTL1 = 0x128
                0x0000012a                __FCTL2 = 0x12a
                0x0000012c                __FCTL3 = 0x12c
                0x00000059                __CACTL1 = 0x59
                0x0000005a                __CACTL2 = 0x5a
                0x0000005b                __CAPD = 0x5b
                0x000001a0                __ADC12CTL0 = 0x1a0
                0x000001a2                __ADC12CTL1 = 0x1a2
                0x000001a4                __ADC12IFG = 0x1a4
                0x000001a6                __ADC12IE = 0x1a6
                0x000001a8                __ADC12IV = 0x1a8
                0x00000140                __ADC12MEM0 = 0x140
                0x00000142                __ADC12MEM1 = 0x142
                0x00000144                __ADC12MEM2 = 0x144
                0x00000146                __ADC12MEM3 = 0x146
                0x00000148                __ADC12MEM4 = 0x148
                0x0000014a                __ADC12MEM5 = 0x14a
                0x0000014c                __ADC12MEM6 = 0x14c
                0x0000014e                __ADC12MEM7 = 0x14e
                0x00000150                __ADC12MEM8 = 0x150
                0x00000152                __ADC12MEM9 = 0x152
                0x00000154                __ADC12MEM10 = 0x154
                0x00000156                __ADC12MEM11 = 0x156
                0x00000158                __ADC12MEM12 = 0x158
                0x0000015a                __ADC12MEM13 = 0x15a
                0x0000015c                __ADC12MEM14 = 0x15c
                0x0000015e                __ADC12MEM15 = 0x15e
                0x00000080                __ADC12MCTL0 = 0x80
                0x00000081                __ADC12MCTL1 = 0x81
                0x00000082                __ADC12MCTL2 = 0x82
                0x00000083                __ADC12MCTL3 = 0x83
                0x00000084                __ADC12MCTL4 = 0x84
                0x00000085                __ADC12MCTL5 = 0x85
                0x00000086                __ADC12MCTL6 = 0x86
                0x00000087                __ADC12MCTL7 = 0x87
                0x00000088                __ADC12MCTL8 = 0x88
                0x00000089                __ADC12MCTL9 = 0x89
                0x0000008a                __ADC12MCTL10 = 0x8a
                0x0000008b                __ADC12MCTL11 = 0x8b
                0x0000008c                __ADC12MCTL12 = 0x8c
                0x0000008d                __ADC12MCTL13 = 0x8d
                0x0000008e                __ADC12MCTL14 = 0x8e
                0x0000008f                __ADC12MCTL15 = 0x8f
                0x000001c0                __DAC12_0CTL = 0x1c0
                0x000001c2                __DAC12_1CTL = 0x1c2
                0x000001c8                __DAC12_0DAT = 0x1c8
                0x000001ca                __DAC12_1DAT = 0x1ca
                0x00000122                __DMACTL0 = 0x122
                0x00000124                __DMACTL1 = 0x124
                0x000001e0                __DMA0CTL = 0x1e0
                0x000001e8                __DMA1CTL = 0x1e8
                0x000001f0                __DMA2CTL = 0x1f0
                0x000001e2                __DMA0SA = 0x1e2
                0x000001e4                __DMA0DA = 0x1e4
                0x000001e6                __DMA0SZ = 0x1e6
                0x000001ea                __DMA1SA = 0x1ea
                0x000001ec                __DMA1DA = 0x1ec
                0x000001ee                __DMA1SZ = 0x1ee
                0x000001f2                __DMA2SA = 0x1f2
                0x000001f4                __DMA2DA = 0x1f4
                0x000001f6                __DMA2SZ = 0x1f6

.hash
 *(.hash)

.dynsym
 *(.dynsym)

.dynstr
 *(.dynstr)

.gnu.version
 *(.gnu.version)

.gnu.version_d
 *(.gnu.version_d)

.gnu.version_r
 *(.gnu.version_r)

.rel.init
 *(.rel.init)

.rela.init
 *(.rela.init)

.rel.fini
 *(.rel.fini)

.rela.fini
 *(.rela.fini)

.rel.text
 *(.rel.text .rel.text.* .rel.gnu.linkonce.t.*)

.rela.text
 *(.rela.text .rela.text.* .rela.gnu.linkonce.t.*)

.rel.rodata
 *(.rel.rodata .rel.rodata.* .rel.gnu.linkonce.r.*)

.rela.rodata
 *(.rela.rodata .rela.rodata.* .rela.gnu.linkonce.r.*)

.rel.data
 *(.rel.data .rel.data.* .rel.gnu.linkonce.d.*)

.rela.data
 *(.rela.data .rela.data.* .rela.gnu.linkonce.d.*)

.rel.bss
 *(.rel.bss .rel.bss.* .rel.gnu.linkonce.b.*)

.rela.bss
 *(.rela.bss .rela.bss.* .rela.gnu.linkonce.b.*)

.rel.ctors
 *(.rel.ctors)

.rela.ctors
 *(.rela.ctors)

.rel.dtors
 *(.rel.dtors)

.rela.dtors
 *(.rela.dtors)

.rel.got
 *(.rel.got)

.rela.got
 *(.rela.got)

.rel.plt
 *(.rel.plt)

.rela.plt
 *(.rela.plt)

.text           0x00004000     0x79aa
                0x00004000                . = ALIGN (0x2)
 *(.init .init.*)
 *(.init0)
 .init0         0x00004000        0x0 /usr/local/msp430/bin/../lib/gcc/msp430/4.7.0/mmpy-16/libcrt0.a(_reset_vector__.o)
                0x00004000                _reset_vector__
 *(.init1)
 .init1         0x00004000        0xc /usr/local/msp430/bin/../lib/gcc/msp430/4.7.0/mmpy-16/libcrt0.a(__watchdog_support.o)
                0x00004000                __watchdog_support
 *(.init2)
 .init2         0x0000400c        0x4 /usr/local/msp430/bin/../lib/gcc/msp430/4.7.0/mmpy-16/libcrt0.a(__init_stack.o)
                0x0000400c                __init_stack
 *(.init3)
 .init3         0x00004010        0x0 /usr/local/msp430/bin/../lib/gcc/msp430/4.7.0/mmpy-16/libcrt0.a(__low_level_init.o)
                0x00004010                __low_level_init
 *(.init4)
 .init4         0x00004010       0x18 /usr/local/msp430/bin/../lib/gcc/msp430/4.7.0/mmpy-16/libcrt0.a(_copy_data.o)
                0x00004010                __do_copy_data
 .init4         0x00004028       0x16 /usr/local/msp430/bin/../lib/gcc/msp430/4.7.0/mmpy-16/libcrt0.a(_clear_bss.o)
                0x00004028                __do_clear_bss
 *(.init5)
 *(.init6)
 *(.init7)
 *(.init8)
 *(.init9)
 .init9         0x0000403e      0x386 obj_sky/contiki-sky-main.o
                0x0000403e                main
 *(.fini9)
 .fini9         0x000043c4        0x0 /usr/local/msp430/bin/../lib/gcc/msp430/4.7.0/mmpy-16/libcrt0.a(__stop_progExec__.o)
                0x000043c4                __stop_progExec__
 *(.fini8)
 *(.fini7)
 *(.fini6)
 *(.fini5)
 *(.fini4)
 *(.fini3)
 *(.fini2)
 *(.fini1)
 *(.fini0)
 .fini0         0x000043c4        0x6 /usr/local/msp430/bin/../lib/gcc/msp430/4.7.0/mmpy-16/libcrt0.a(_endless_loop__.o)
                0x000043c4                _endless_loop__
 *(.fini .fini.*)
                0x000043ca                . = ALIGN (0x2)
                0x000043ca                __ctors_start = .
 *(.ctors)
                0x000043ca                __ctors_end = .
                0x000043ca                __dtors_start = .
 *(.dtors)
                0x000043ca                __dtors_end = .
                0x000043ca                . = ALIGN (0x2)
 *(.text .text.* .gnu.linkonce.t.*)
 .text          0x000043ca        0x4 /usr/local/msp430/bin/../lib/gcc/msp430/4.7.0/mmpy-16/crt0ivtbl16.o
                0x000043ca                __isr_14
                0x000043ca                __isr_11
                0x000043ca                __isr_2
                0x000043ca                __isr_7
                0x000043ca                __isr_0
                0x000043ca                __isr_8
                0x000043ca                __isr_3
                0x000043ca                __isr_12
                0x000043ca                __isr_13
                0x000043ca                __isr_9
 .text.process_thread_broadcast_intrusion_process
                0x000043ce       0xae EventDetection.co
 .text.broadcast_recv
                0x0000447c      0x102 EventDetection.co
 .text.process_thread_actuate_arlam_process
                0x0000457e       0x64 EventDetection.co
 .text.process_thread_reset_button_monitor_process
                0x000045e2       0xc8 EventDetection.co
 .text.process_thread_light_sensor_montitor_process
                0x000046aa      0x106 EventDetection.co
 .text.set_gateway
                0x000047b0       0x5a obj_sky/contiki-sky-main.o
 .text.start_network_layer
                0x0000480a       0x3c obj_sky/contiki-sky-main.o
 .text.init_platform
                0x00004846        0xc contiki-sky.a(contiki-sky-pla)
                0x00004846                init_platform
 .text.status   0x00004852       0x14 contiki-sky.a(sht11-sensor.o)
 .text.value    0x00004866       0x30 contiki-sky.a(sht11-sensor.o)
 .text.configure
                0x00004896       0x3e contiki-sky.a(sht11-sensor.o)
 .text.value    0x000048d4       0x1a contiki-sky.a(light-sensor.o)
 .text.status   0x000048ee        0xc contiki-sky.a(light-sensor.o)
 .text.configure
                0x000048fa       0x10 contiki-sky.a(light-sensor.o)
 .text.status   0x0000490a       0x18 contiki-sky.a(button-sensor.o)
 .text.value    0x00004922       0x20 contiki-sky.a(button-sensor.o)
 .text.configure
                0x00004942       0x4c contiki-sky.a(button-sensor.o)
 .text.irq_p2   0x0000498e       0x88 contiki-sky.a(button-sensor.o)
                0x0000498e                irq_p2
                0x0000498e                __isr_1
 .text.owreadb  0x00004a16       0x50 contiki-sky.a(ds2411.o)
 .text.ds2411_init
                0x00004a66      0x120 contiki-sky.a(ds2411.o)
                0x00004a66                ds2411_init
 .text.wait_ready
                0x00004b86       0x4a contiki-sky.a(xmem.o)
 .text.xmem_init
                0x00004bd0       0x3c contiki-sky.a(xmem.o)
                0x00004bd0                xmem_init
 .text.xmem_pread
                0x00004c0c       0xe0 contiki-sky.a(xmem.o)
                0x00004c0c                xmem_pread
 .text.node_id_restore
                0x00004cec       0x38 contiki-sky.a(node-id.o)
                0x00004cec                node_id_restore
 .text.process_thread_sensors_process
                0x00004d24       0xc2 contiki-sky.a(sensors.o)
 .text.sensors_changed
                0x00004de6       0x2a contiki-sky.a(sensors.o)
                0x00004de6                sensors_changed
 .text.get_object
                0x00004e10        0x4 contiki-sky.a(cc2420.o)
 .text.set_object
                0x00004e14        0x4 contiki-sky.a(cc2420.o)
 .text.strobe   0x00004e18       0x1c contiki-sky.a(cc2420.o)
 .text.getreg   0x00004e34       0x4c contiki-sky.a(cc2420.o)
 .text.setreg   0x00004e80       0x4c contiki-sky.a(cc2420.o)
 .text.write_ram
                0x00004ecc       0x7c contiki-sky.a(cc2420.o)
 .text.write_fifo_buf
                0x00004f48       0x3c contiki-sky.a(cc2420.o)
 .text.get_status
                0x00004f84       0x20 contiki-sky.a(cc2420.o)
 .text.set_txpower
                0x00004fa4       0x24 contiki-sky.a(cc2420.o)
 .text.cc2420_receiving_packet
                0x00004fc8        0xc contiki-sky.a(cc2420.o)
 .text.pending_packet
                0x00004fd4        0x8 contiki-sky.a(cc2420.o)
 .text.on       0x00004fdc       0x1e contiki-sky.a(cc2420.o)
 .text.wait_for_transmission
                0x00004ffa       0x22 contiki-sky.a(cc2420.o)
 .text.wait_for_status
                0x0000501c       0x28 contiki-sky.a(cc2420.o)
 .text.getrxdata
                0x00005044       0x50 contiki-sky.a(cc2420.o)
 .text.flushrx  0x00005094       0x1a contiki-sky.a(cc2420.o)
 .text.off      0x000050ae       0x56 contiki-sky.a(cc2420.o)
 .text.RELEASE_LOCK
                0x00005104       0x28 contiki-sky.a(cc2420.o)
 .text.set_key  0x0000512c       0x18 contiki-sky.a(cc2420.o)
 .text.cc2420_prepare
                0x00005144       0x3c contiki-sky.a(cc2420.o)
 .text.cc2420_on
                0x00005180       0x22 contiki-sky.a(cc2420.o)
                0x00005180                cc2420_on
 .text.cc2420_off
                0x000051a2       0x30 contiki-sky.a(cc2420.o)
                0x000051a2                cc2420_off
 .text.cc2420_cca
                0x000051d2       0x68 contiki-sky.a(cc2420.o)
 .text.cc2420_read
                0x0000523a       0xac contiki-sky.a(cc2420.o)
 .text.process_thread_cc2420_process
                0x000052e6       0x54 contiki-sky.a(cc2420.o)
 .text.encrypt  0x0000533a       0x88 contiki-sky.a(cc2420.o)
 .text.cc2420_set_channel
                0x000053c2       0x3c contiki-sky.a(cc2420.o)
                0x000053c2                cc2420_set_channel
 .text.cc2420_set_pan_addr
                0x000053fe       0x4c contiki-sky.a(cc2420.o)
                0x000053fe                cc2420_set_pan_addr
 .text.cc2420_interrupt
                0x0000544a       0x16 contiki-sky.a(cc2420.o)
                0x0000544a                cc2420_interrupt
 .text.cc2420_set_txpower
                0x00005460        0xe contiki-sky.a(cc2420.o)
                0x00005460                cc2420_set_txpower
 .text.cc2420_get_txpower
                0x0000546e       0x1e contiki-sky.a(cc2420.o)
                0x0000546e                cc2420_get_txpower
 .text.cc2420_transmit
                0x0000548c      0x12c contiki-sky.a(cc2420.o)
 .text.cc2420_send
                0x000055b8       0x12 contiki-sky.a(cc2420.o)
 .text.cc2420_rssi
                0x000055ca       0x4c contiki-sky.a(cc2420.o)
                0x000055ca                cc2420_rssi
 .text.get_value
                0x00005616       0xa8 contiki-sky.a(cc2420.o)
 .text.cc2420_set_cca_threshold
                0x000056be       0x16 contiki-sky.a(cc2420.o)
                0x000056be                cc2420_set_cca_threshold
 .text.set_value
                0x000056d4       0x86 contiki-sky.a(cc2420.o)
 .text.cc2420_init
                0x0000575a       0xd8 contiki-sky.a(cc2420.o)
                0x0000575a                cc2420_init
 .text.cc2420_port1_interrupt
                0x00005832       0x62 contiki-sky.a(cc2420-arch.o)
                0x00005832                __isr_4
                0x00005832                cc2420_port1_interrupt
 .text.cc2420_arch_init
                0x00005894       0x1a contiki-sky.a(cc2420-arch.o)
                0x00005894                cc2420_arch_init
 .text.sky_sensors_status
                0x000058ae       0x3c contiki-sky.a(sky-sensors.o)
                0x000058ae                sky_sensors_status
 .text.sky_sensors_configure
                0x000058ea       0xee contiki-sky.a(sky-sensors.o)
                0x000058ea                sky_sensors_configure
 .text.handle_rxdma_timer
                0x000059d8       0x3a contiki-sky.a(uart1.o)
 .text.uart1_active
                0x00005a12       0x18 contiki-sky.a(uart1.o)
                0x00005a12                uart1_active
 .text.uart1_set_input
                0x00005a2a       0x20 contiki-sky.a(uart1.o)
                0x00005a2a                uart1_set_input
 .text.uart1_writeb
                0x00005a4a       0x18 contiki-sky.a(uart1.o)
                0x00005a4a                uart1_writeb
 .text.uart1_init
                0x00005a62       0xf4 contiki-sky.a(uart1.o)
                0x00005a62                uart1_init
 .text.slip_arch_writeb
                0x00005b56        0x6 contiki-sky.a(slip_uart1.o)
                0x00005b56                slip_arch_writeb
 .text.putchar  0x00005b5c       0x3c contiki-sky.a(slip_uart1.o)
                0x00005b5c                putchar
 .text.slip_arch_init
                0x00005b98        0xa contiki-sky.a(slip_uart1.o)
                0x00005b98                slip_arch_init
 .text.slip_set_input_callback
                0x00005ba2        0x6 contiki-sky.a(slip.o)
                0x00005ba2                slip_set_input_callback
 .text.slip_send
                0x00005ba8       0x5e contiki-sky.a(slip.o)
                0x00005ba8                slip_send
 .text.slip_write
                0x00005c06       0x5a contiki-sky.a(slip.o)
                0x00005c06                slip_write
 .text.process_thread_slip_process
                0x00005c60      0x1fc contiki-sky.a(slip.o)
 .text.slip_input_byte
                0x00005e5c       0xbc contiki-sky.a(slip.o)
                0x00005e5c                slip_input_byte
 .text.msp430_init_dco
                0x00005f18       0x82 contiki-sky.a(msp430.o)
                0x00005f18                msp430_init_dco
 .text.msp430_add_lpm_req
                0x00005f9a        0xc contiki-sky.a(msp430.o)
                0x00005f9a                msp430_add_lpm_req
 .text.msp430_cpu_init
                0x00005fa6       0x2a contiki-sky.a(msp430.o)
                0x00005fa6                msp430_cpu_init
 .text.splhigh_
                0x00005fd0        0x8 contiki-sky.a(msp430.o)
                0x00005fd0                splhigh_
 .text.msp430_sync_dco
                0x00005fd8       0x6c contiki-sky.a(msp430.o)
                0x00005fd8                msp430_sync_dco
 .text.timera1  0x00006044      0x11e contiki-sky.a(clock.o)
                0x00006044                __isr_5
                0x00006044                timera1
 .text.clock_time
                0x00006162       0x1a contiki-sky.a(clock.o)
                0x00006162                clock_time
 .text.clock_init
                0x0000617c       0x28 contiki-sky.a(clock.o)
                0x0000617c                clock_init
 .text.clock_delay
                0x000061a4        0xc contiki-sky.a(clock.o)
                0x000061a4                clock_delay
 .text.clock_wait
                0x000061b0       0x30 contiki-sky.a(clock.o)
                0x000061b0                clock_wait
 .text.show_leds
                0x000061e0       0xf0 contiki-sky.a(leds.o)
 .text.leds_init
                0x000062d0        0xa contiki-sky.a(leds.o)
                0x000062d0                leds_init
 .text.leds_on  0x000062da        0xa contiki-sky.a(leds.o)
                0x000062da                leds_on
 .text.leds_off
                0x000062e4        0xe contiki-sky.a(leds.o)
                0x000062e4                leds_off
 .text.leds_arch_init
                0x000062f2        0xe contiki-sky.a(leds-arch.o)
                0x000062f2                leds_arch_init
 .text.leds_arch_set
                0x00006300       0x38 contiki-sky.a(leds-arch.o)
                0x00006300                leds_arch_set
 .text.watchdog_interrupt
                0x00006338        0x6 contiki-sky.a(watchdog.o)
                0x00006338                __isr_10
                0x00006338                watchdog_interrupt
 .text.watchdog_start
                0x0000633e       0x14 contiki-sky.a(watchdog.o)
                0x0000633e                watchdog_start
 .text.watchdog_periodic
                0x00006352       0x12 contiki-sky.a(watchdog.o)
                0x00006352                watchdog_periodic
 .text.watchdog_stop
                0x00006364       0x16 contiki-sky.a(watchdog.o)
                0x00006364                watchdog_stop
 .text.watchdog_init
                0x0000637a       0x12 contiki-sky.a(watchdog.o)
                0x0000637a                watchdog_init
 .text.rtimer_arch_init
                0x0000638c        0xe contiki-sky.a(rtimer-arch.o)
                0x0000638c                rtimer_arch_init
 .text.rtimer_arch_now
                0x0000639a        0xe contiki-sky.a(rtimer-arch.o)
                0x0000639a                rtimer_arch_now
 .text.timera0  0x000063a8       0x70 contiki-sky.a(rtimer-arch.o)
                0x000063a8                __isr_6
                0x000063a8                timera0
 .text.rtimer_arch_schedule
                0x00006418        0x6 contiki-sky.a(rtimer-arch.o)
                0x00006418                rtimer_arch_schedule
 .text.autostart_start
                0x0000641e       0x16 contiki-sky.a(autostart.o)
                0x0000641e                autostart_start
 .text.process_thread_ctimer_process
                0x00006434       0xa8 contiki-sky.a(ctimer.o)
 .text.ctimer_init
                0x000064dc       0x18 contiki-sky.a(ctimer.o)
                0x000064dc                ctimer_init
 .text.ctimer_set
                0x000064f4       0x50 contiki-sky.a(ctimer.o)
                0x000064f4                ctimer_set
 .text.ctimer_reset
                0x00006544       0x30 contiki-sky.a(ctimer.o)
                0x00006544                ctimer_reset
 .text.ctimer_stop
                0x00006574       0x28 contiki-sky.a(ctimer.o)
                0x00006574                ctimer_stop
 .text.energest_init
                0x0000659c       0x26 contiki-sky.a(energest.o)
                0x0000659c                energest_init
 .text.energest_type_time
                0x000065c2       0x48 contiki-sky.a(energest.o)
                0x000065c2                energest_type_time
 .text.energest_type_set
                0x0000660a        0xe contiki-sky.a(energest.o)
                0x0000660a                energest_type_set
 .text.energest_flush
                0x00006618       0x48 contiki-sky.a(energest.o)
                0x00006618                energest_flush
 .text.update_time
                0x00006660       0x78 contiki-sky.a(etimer.o)
 .text.etimer_request_poll
                0x000066d8        0xa contiki-sky.a(etimer.o)
                0x000066d8                etimer_request_poll
 .text.process_thread_etimer_process
                0x000066e2       0xcc contiki-sky.a(etimer.o)
 .text.add_timer
                0x000067ae       0x40 contiki-sky.a(etimer.o)
 .text.etimer_set
                0x000067ee       0x12 contiki-sky.a(etimer.o)
                0x000067ee                etimer_set
 .text.etimer_reset
                0x00006800       0x12 contiki-sky.a(etimer.o)
                0x00006800                etimer_reset
 .text.etimer_restart
                0x00006812       0x12 contiki-sky.a(etimer.o)
                0x00006812                etimer_restart
 .text.etimer_expired
                0x00006824        0xe contiki-sky.a(etimer.o)
                0x00006824                etimer_expired
 .text.etimer_pending
                0x00006832        0xc contiki-sky.a(etimer.o)
                0x00006832                etimer_pending
 .text.etimer_next_expiration_time
                0x0000683e       0x16 contiki-sky.a(etimer.o)
                0x0000683e                etimer_next_expiration_time
 .text.etimer_stop
                0x00006854       0x3e contiki-sky.a(etimer.o)
                0x00006854                etimer_stop
 .text.call_process
                0x00006892       0x46 contiki-sky.a(process.o)
 .text.exit_process
                0x000068d8       0x96 contiki-sky.a(process.o)
 .text.do_poll  0x0000696e       0x30 contiki-sky.a(process.o)
 .text.process_alloc_event
                0x0000699e        0xe contiki-sky.a(process.o)
                0x0000699e                process_alloc_event
 .text.process_init
                0x000069ac       0x1c contiki-sky.a(process.o)
                0x000069ac                process_init
 .text.process_run
                0x000069c8       0xa2 contiki-sky.a(process.o)
                0x000069c8                process_run
 .text.process_nevents
                0x00006a6a        0xe contiki-sky.a(process.o)
                0x00006a6a                process_nevents
 .text.process_post
                0x00006a78       0x54 contiki-sky.a(process.o)
                0x00006a78                process_post
 .text.process_post_synch
                0x00006acc       0x12 contiki-sky.a(process.o)
                0x00006acc                process_post_synch
 .text.process_start
                0x00006ade       0x36 contiki-sky.a(process.o)
                0x00006ade                process_start
 .text.process_poll
                0x00006b14       0x18 contiki-sky.a(process.o)
                0x00006b14                process_poll
 .text.rtimer_init
                0x00006b2c        0x6 contiki-sky.a(rtimer.o)
                0x00006b2c                rtimer_init
 .text.rtimer_set
                0x00006b32       0x24 contiki-sky.a(rtimer.o)
                0x00006b32                rtimer_set
 .text.rtimer_run_next
                0x00006b56       0x26 contiki-sky.a(rtimer.o)
                0x00006b56                rtimer_run_next
 .text.timer_set
                0x00006b7c       0x1c contiki-sky.a(timer.o)
                0x00006b7c                timer_set
 .text.timer_reset
                0x00006b98        0xe contiki-sky.a(timer.o)
                0x00006b98                timer_reset
 .text.timer_restart
                0x00006ba6       0x14 contiki-sky.a(timer.o)
                0x00006ba6                timer_restart
 .text.timer_expired
                0x00006bba       0x2a contiki-sky.a(timer.o)
                0x00006bba                timer_expired
 .text.list_init
                0x00006be4        0x6 contiki-sky.a(list.o)
                0x00006be4                list_init
 .text.list_head
                0x00006bea        0x4 contiki-sky.a(list.o)
                0x00006bea                list_head
 .text.list_tail
                0x00006bee       0x12 contiki-sky.a(list.o)
                0x00006bee                list_tail
 .text.list_chop
                0x00006c00       0x1a contiki-sky.a(list.o)
                0x00006c00                list_chop
 .text.list_remove
                0x00006c1a       0x34 contiki-sky.a(list.o)
                0x00006c1a                list_remove
 .text.list_push
                0x00006c4e       0x1a contiki-sky.a(list.o)
                0x00006c4e                list_push
 .text.list_add
                0x00006c68       0x2a contiki-sky.a(list.o)
                0x00006c68                list_add
 .text.list_length
                0x00006c92       0x10 contiki-sky.a(list.o)
                0x00006c92                list_length
 .text.list_item_next
                0x00006ca2        0xc contiki-sky.a(list.o)
                0x00006ca2                list_item_next
 .text.random_init
                0x00006cae        0x6 contiki-sky.a(random.o)
                0x00006cae                random_init
 .text.random_rand
                0x00006cb4        0x6 contiki-sky.a(random.o)
                0x00006cb4                random_rand
 .text.chksum   0x00006cba       0x32 contiki-sky.a(uip.o)
 .text.upper_layer_chksum
                0x00006cec       0x42 contiki-sky.a(uip.o)
 .text.uip_add32
                0x00006d2e       0x68 contiki-sky.a(uip.o)
                0x00006d2e                uip_add32
 .text.uip_add_rcv_nxt
                0x00006d96       0x2c contiki-sky.a(uip.o)
 .text.uip_chksum
                0x00006dc2       0x18 contiki-sky.a(uip.o)
                0x00006dc2                uip_chksum
 .text.uip_tcpchksum
                0x00006dda        0xa contiki-sky.a(uip.o)
                0x00006dda                uip_tcpchksum
 .text.uip_udpchksum
                0x00006de4        0xa contiki-sky.a(uip.o)
                0x00006de4                uip_udpchksum
 .text.uip_init
                0x00006dee       0x50 contiki-sky.a(uip.o)
                0x00006dee                uip_init
 .text.uip_unlisten
                0x00006e3e       0x2a contiki-sky.a(uip.o)
                0x00006e3e                uip_unlisten
 .text.uip_process
                0x00006e68      0xc7e contiki-sky.a(uip.o)
                0x00006e68                uip_process
 .text.uip_htons
                0x00007ae6        0xc contiki-sky.a(uip.o)
                0x00007ae6                uip_htons
 .text.uip_fw_output
                0x00007af2       0xf4 contiki-sky.a(uip-fw.o)
                0x00007af2                uip_fw_output
 .text.uip_fw_forward
                0x00007be6      0x15e contiki-sky.a(uip-fw.o)
                0x00007be6                uip_fw_forward
 .text.uip_fw_default
                0x00007d44        0x6 contiki-sky.a(uip-fw.o)
                0x00007d44                uip_fw_default
 .text.uip_fw_periodic
                0x00007d4a       0x1c contiki-sky.a(uip-fw.o)
                0x00007d4a                uip_fw_periodic
 .text.process_thread_uip_fw_process
                0x00007d66       0x3c contiki-sky.a(uip-fw-drv.o)
 .text.timedout
                0x00007da2       0x12 contiki-sky.a(uip-over-mesh.o)
 .text.recv_data
                0x00007db4       0x72 contiki-sky.a(uip-over-mesh.o)
 .text.new_route
                0x00007e26       0x36 contiki-sky.a(uip-over-mesh.o)
 .text.uip_over_mesh_init
                0x00007e5c       0x54 contiki-sky.a(uip-over-mesh.o)
                0x00007e5c                uip_over_mesh_init
 .text.uip_over_mesh_send
                0x00007eb0       0xe8 contiki-sky.a(uip-over-mesh.o)
                0x00007eb0                uip_over_mesh_send
 .text.uip_over_mesh_set_gateway_netif
                0x00007f98        0x6 contiki-sky.a(uip-over-mesh.o)
                0x00007f98                uip_over_mesh_set_gateway_netif
 .text.uip_over_mesh_set_gateway
                0x00007f9e        0xc contiki-sky.a(uip-over-mesh.o)
                0x00007f9e                uip_over_mesh_set_gateway
 .text.gateway_announce_recv
                0x00007faa       0x10 contiki-sky.a(uip-over-mesh.o)
 .text.uip_over_mesh_make_announced_gateway
                0x00007fba       0x32 contiki-sky.a(uip-over-mesh.o)
                0x00007fba                uip_over_mesh_make_announced_gateway
 .text.uip_over_mesh_set_net
                0x00007fec       0x16 contiki-sky.a(uip-over-mesh.o)
                0x00007fec                uip_over_mesh_set_net
 .text.start_periodic_tcp_timer
                0x00008002       0x16 contiki-sky.a(tcpip.o)
 .text.tcpip_output
                0x00008018       0x10 contiki-sky.a(tcpip.o)
                0x00008018                tcpip_output
 .text.process_thread_tcpip_process
                0x00008028      0x1ce contiki-sky.a(tcpip.o)
 .text.tcpip_set_outputfunc
                0x000081f6        0x6 contiki-sky.a(tcpip.o)
                0x000081f6                tcpip_set_outputfunc
 .text.tcpip_input
                0x000081fc       0x12 contiki-sky.a(tcpip.o)
                0x000081fc                tcpip_input
 .text.tcpip_uipcall
                0x0000820e       0x70 contiki-sky.a(tcpip.o)
                0x0000820e                tcpip_uipcall
 .text.sent_by_abc
                0x0000827e       0x10 contiki-sky.a(broadcast.o)
 .text.recv_from_abc
                0x0000828e       0x26 contiki-sky.a(broadcast.o)
 .text.broadcast_open
                0x000082b4       0x2a contiki-sky.a(broadcast.o)
                0x000082b4                broadcast_open
 .text.broadcast_close
                0x000082de        0x6 contiki-sky.a(broadcast.o)
                0x000082de                broadcast_close
 .text.broadcast_send
                0x000082e4       0x1a contiki-sky.a(broadcast.o)
                0x000082e4                broadcast_send
 .text.channel_init
                0x000082fe        0xa contiki-sky.a(channel.o)
                0x000082fe                channel_init
 .text.channel_open
                0x00008308       0x10 contiki-sky.a(channel.o)
                0x00008308                channel_open
 .text.channel_close
                0x00008318        0xc contiki-sky.a(channel.o)
                0x00008318                channel_close
 .text.channel_lookup
                0x00008324       0x20 contiki-sky.a(channel.o)
                0x00008324                channel_lookup
 .text.channel_set_attributes
                0x00008344       0x24 contiki-sky.a(channel.o)
                0x00008344                channel_set_attributes
 .text.input    0x00008368       0x3a contiki-sky.a(rime.o)
 .text.init     0x000083a2       0x2e contiki-sky.a(rime.o)
 .text.packet_sent
                0x000083d0       0x44 contiki-sky.a(rime.o)
 .text.rime_output
                0x00008414       0x24 contiki-sky.a(rime.o)
                0x00008414                rime_output
 .text.periodic
                0x00008438       0x58 contiki-sky.a(route.o)
 .text.route_init
                0x00008490       0x28 contiki-sky.a(route.o)
                0x00008490                route_init
 .text.route_lookup
                0x000084b8       0x4c contiki-sky.a(route.o)
                0x000084b8                route_lookup
 .text.route_add
                0x00008504       0x88 contiki-sky.a(route.o)
                0x00008504                route_add
 .text.route_refresh
                0x0000858c        0xe contiki-sky.a(route.o)
                0x0000858c                route_refresh
 .text.route_remove
                0x0000859a       0x1c contiki-sky.a(route.o)
                0x0000859a                route_remove
 .text.route_decay
                0x000085b6       0x22 contiki-sky.a(route.o)
                0x000085b6                route_decay
 .text.route_set_lifetime
                0x000085d8        0x6 contiki-sky.a(route.o)
                0x000085d8                route_set_lifetime
 .text.timeout_handler
                0x000085de       0x14 contiki-sky.a(route-discovery)
 .text.rreq_packet_received
                0x000085f2       0xca contiki-sky.a(route-discovery)
 .text.rrep_packet_received
                0x000086bc       0x9a contiki-sky.a(route-discovery)
 .text.route_discovery_open
                0x00008756       0x30 contiki-sky.a(route-discovery)
                0x00008756                route_discovery_open
 .text.route_discovery_discover
                0x00008786       0x6e contiki-sky.a(route-discovery)
                0x00008786                route_discovery_discover
 .text.send     0x000087f4       0x1a contiki-sky.a(trickle.o)
 .text.run_trickle
                0x0000880e       0xc4 contiki-sky.a(trickle.o)
 .text.recv     0x000088d2       0x86 contiki-sky.a(trickle.o)
 .text.timer_callback
                0x00008958        0x6 contiki-sky.a(trickle.o)
 .text.trickle_open
                0x0000895e       0x44 contiki-sky.a(trickle.o)
                0x0000895e                trickle_open
 .text.trickle_send
                0x000089a2       0x3e contiki-sky.a(trickle.o)
                0x000089a2                trickle_send
 .text.sent_by_broadcast
                0x000089e0       0x10 contiki-sky.a(unicast.o)
 .text.recv_from_broadcast
                0x000089f0       0x2e contiki-sky.a(unicast.o)
 .text.unicast_open
                0x00008a1e       0x2a contiki-sky.a(unicast.o)
                0x00008a1e                unicast_open
 .text.unicast_send
                0x00008a48       0x16 contiki-sky.a(unicast.o)
                0x00008a48                unicast_send
 .text.input_packet
                0x00008a5e        0x6 contiki-sky.a(csma.o)
 .text.on       0x00008a64        0x6 contiki-sky.a(csma.o)
 .text.off      0x00008a6a        0x6 contiki-sky.a(csma.o)
 .text.channel_check_interval
                0x00008a70       0x10 contiki-sky.a(csma.o)
 .text.transmit_packet_list
                0x00008a80       0x24 contiki-sky.a(csma.o)
 .text.init     0x00008aa4       0x1a contiki-sky.a(csma.o)
 .text.send_packet
                0x00008abe      0x184 contiki-sky.a(csma.o)
 .text.free_packet
                0x00008c42       0x98 contiki-sky.a(csma.o)
 .text.packet_sent
                0x00008cda      0x130 contiki-sky.a(csma.o)
 .text.mac_call_sent_callback
                0x00008e0a       0x14 contiki-sky.a(mac.o)
                0x00008e0a                mac_call_sent_callback
 .text.linkaddr_copy
                0x00008e1e        0xc contiki-sky.a(linkaddr.o)
                0x00008e1e                linkaddr_copy
 .text.linkaddr_cmp
                0x00008e2a       0x12 contiki-sky.a(linkaddr.o)
                0x00008e2a                linkaddr_cmp
 .text.linkaddr_set_node_addr
                0x00008e3c        0xc contiki-sky.a(linkaddr.o)
                0x00008e3c                linkaddr_set_node_addr
 .text.packetbuf_compact
                0x00008e48       0x2e contiki-sky.a(packetbuf.o)
                0x00008e48                packetbuf_compact
 .text.packetbuf_copyto
                0x00008e76       0x52 contiki-sky.a(packetbuf.o)
                0x00008e76                packetbuf_copyto
 .text.packetbuf_hdrreduce
                0x00008ec8       0x1a contiki-sky.a(packetbuf.o)
                0x00008ec8                packetbuf_hdrreduce
 .text.packetbuf_set_datalen
                0x00008ee2        0x6 contiki-sky.a(packetbuf.o)
                0x00008ee2                packetbuf_set_datalen
 .text.packetbuf_dataptr
                0x00008ee8        0xe contiki-sky.a(packetbuf.o)
                0x00008ee8                packetbuf_dataptr
 .text.packetbuf_hdrptr
                0x00008ef6        0xa contiki-sky.a(packetbuf.o)
                0x00008ef6                packetbuf_hdrptr
 .text.packetbuf_datalen
                0x00008f00        0x6 contiki-sky.a(packetbuf.o)
                0x00008f00                packetbuf_datalen
 .text.packetbuf_hdrlen
                0x00008f06       0x10 contiki-sky.a(packetbuf.o)
                0x00008f06                packetbuf_hdrlen
 .text.packetbuf_totlen
                0x00008f16        0xc contiki-sky.a(packetbuf.o)
                0x00008f16                packetbuf_totlen
 .text.packetbuf_hdralloc
                0x00008f22       0x2e contiki-sky.a(packetbuf.o)
                0x00008f22                packetbuf_hdralloc
 .text.packetbuf_attr_clear
                0x00008f50       0x2c contiki-sky.a(packetbuf.o)
                0x00008f50                packetbuf_attr_clear
 .text.packetbuf_clear
                0x00008f7c       0x1a contiki-sky.a(packetbuf.o)
                0x00008f7c                packetbuf_clear
 .text.packetbuf_copyfrom
                0x00008f96       0x2e contiki-sky.a(packetbuf.o)
                0x00008f96                packetbuf_copyfrom
 .text.packetbuf_attr_copyto
                0x00008fc4       0x20 contiki-sky.a(packetbuf.o)
                0x00008fc4                packetbuf_attr_copyto
 .text.packetbuf_attr_copyfrom
                0x00008fe4       0x22 contiki-sky.a(packetbuf.o)
                0x00008fe4                packetbuf_attr_copyfrom
 .text.packetbuf_holds_broadcast
                0x00009006        0xe contiki-sky.a(packetbuf.o)
                0x00009006                packetbuf_holds_broadcast
 .text.queuebuf_init
                0x00009014       0x12 contiki-sky.a(queuebuf.o)
                0x00009014                queuebuf_init
 .text.queuebuf_new_from_packetbuf
                0x00009026       0x52 contiki-sky.a(queuebuf.o)
                0x00009026                queuebuf_new_from_packetbuf
 .text.queuebuf_update_attr_from_packetbuf
                0x00009078       0x12 contiki-sky.a(queuebuf.o)
                0x00009078                queuebuf_update_attr_from_packetbuf
 .text.queuebuf_update_from_packetbuf
                0x0000908a       0x22 contiki-sky.a(queuebuf.o)
                0x0000908a                queuebuf_update_from_packetbuf
 .text.queuebuf_free
                0x000090ac       0x2a contiki-sky.a(queuebuf.o)
                0x000090ac                queuebuf_free
 .text.queuebuf_to_packetbuf
                0x000090d6       0x32 contiki-sky.a(queuebuf.o)
                0x000090d6                queuebuf_to_packetbuf
 .text.queuebuf_dataptr
                0x00009108       0x1c contiki-sky.a(queuebuf.o)
                0x00009108                queuebuf_dataptr
 .text.queuebuf_datalen
                0x00009124        0x8 contiki-sky.a(queuebuf.o)
                0x00009124                queuebuf_datalen
 .text.queuebuf_attr
                0x0000912c        0xe contiki-sky.a(queuebuf.o)
                0x0000912c                queuebuf_attr
 .text.duty_cycle
                0x0000913a        0x6 contiki-sky.a(contikimac.o)
 .text.init     0x00009140       0x2a contiki-sky.a(contikimac.o)
 .text.on       0x0000916a       0x1a contiki-sky.a(contikimac.o)
 .text.off      0x00009184       0x22 contiki-sky.a(contikimac.o)
 .text.recv_burst_off
                0x000091a6        0xa contiki-sky.a(contikimac.o)
 .text.turn_off
                0x000091b0       0x20 contiki-sky.a(contikimac.o)
 .text.turn_on  0x000091d0       0x30 contiki-sky.a(contikimac.o)
 .text.schedule_powercycle_fixed.part.4
                0x00009200       0x34 contiki-sky.a(contikimac.o)
 .text.powercycle_turn_radio_off
                0x00009234       0x30 contiki-sky.a(contikimac.o)
 .text.input_packet
                0x00009264       0xb6 contiki-sky.a(contikimac.o)
 .text.send_packet.isra.7
                0x0000931a      0x20c contiki-sky.a(contikimac.o)
 .text.qsend_list
                0x00009526       0xc4 contiki-sky.a(contikimac.o)
 .text.qsend_packet
                0x000095ea       0x28 contiki-sky.a(contikimac.o)
 .text.powercycle
                0x00009612      0x1d6 contiki-sky.a(contikimac.o)
 .text.hdr_length
                0x000097e8        0x8 contiki-sky.a(contikimac-fram)
 .text.parse    0x000097f0       0x3e contiki-sky.a(contikimac-fram)
 .text.create   0x0000982e       0x26 contiki-sky.a(contikimac-fram)
 .text.create_and_secure
                0x00009854       0x6a contiki-sky.a(contikimac-fram)
 .text.bootstrap
                0x000098be        0x4 contiki-sky.a(nullsec.o)
 .text.send     0x000098c2        0xa contiki-sky.a(nullsec.o)
 .text.on_frame_created
                0x000098cc        0x4 contiki-sky.a(nullsec.o)
 .text.input    0x000098d0        0x6 contiki-sky.a(nullsec.o)
 .text.get_overhead
                0x000098d6        0x4 contiki-sky.a(nullsec.o)
 .text.crc8_add
                0x000098da       0x1c contiki-sky.a(sht11.o)
 .text.sstart   0x000098f6       0x3e contiki-sky.a(sht11.o)
 .text.swrite   0x00009934       0x62 contiki-sky.a(sht11.o)
 .text.sread    0x00009996       0x4c contiki-sky.a(sht11.o)
 .text.sreset   0x000099e2       0x2a contiki-sky.a(sht11.o)
 .text.scmd.part.0
                0x00009a0c       0xb4 contiki-sky.a(sht11.o)
 .text.sht11_init
                0x00009ac0       0x1a contiki-sky.a(sht11.o)
                0x00009ac0                sht11_init
 .text.sht11_off
                0x00009ada       0x14 contiki-sky.a(sht11.o)
                0x00009ada                sht11_off
 .text.sht11_temp
                0x00009aee        0xa contiki-sky.a(sht11.o)
                0x00009aee                sht11_temp
 .text.sht11_humidity
                0x00009af8        0xa contiki-sky.a(sht11.o)
                0x00009af8                sht11_humidity
 .text.sht11_sreg
                0x00009b02       0x80 contiki-sky.a(sht11.o)
                0x00009b02                sht11_sreg
 .text.spi_init
                0x00009b82       0x30 contiki-sky.a(spi.o)
                0x00009b82                spi_init
 .text.uip_ipchksum
                0x00009bb2       0x32 contiki-sky.a(uip-ipchksum.o)
                0x00009bb2                uip_ipchksum
 .text.compower_accumulate
                0x00009be4       0x72 contiki-sky.a(compower.o)
                0x00009be4                compower_accumulate
 .text.compower_clear
                0x00009c56       0x12 contiki-sky.a(compower.o)
                0x00009c56                compower_clear
 .text.compower_attrconv
                0x00009c68       0x10 contiki-sky.a(compower.o)
                0x00009c68                compower_attrconv
 .text.memb_init
                0x00009c78       0x36 contiki-sky.a(memb.o)
                0x00009c78                memb_init
 .text.memb_alloc
                0x00009cae       0x3e contiki-sky.a(memb.o)
                0x00009cae                memb_alloc
 .text.memb_free
                0x00009cec       0x3a contiki-sky.a(memb.o)
                0x00009cec                memb_free
 .text.memb_inmemb
                0x00009d26       0x2a contiki-sky.a(memb.o)
                0x00009d26                memb_inmemb
 .text.abc_open
                0x00009d50       0x26 contiki-sky.a(abc.o)
                0x00009d50                abc_open
 .text.abc_close
                0x00009d76        0x6 contiki-sky.a(abc.o)
                0x00009d76                abc_close
 .text.abc_send
                0x00009d7c        0x6 contiki-sky.a(abc.o)
                0x00009d7c                abc_send
 .text.abc_input
                0x00009d82        0xe contiki-sky.a(abc.o)
                0x00009d82                abc_input
 .text.abc_sent
                0x00009d90       0x10 contiki-sky.a(abc.o)
                0x00009d90                abc_sent
 .text.announcement_init
                0x00009da0        0xa contiki-sky.a(announcement.o)
                0x00009da0                announcement_init
 .text.announcement_register_observer_callback
                0x00009daa        0x6 contiki-sky.a(announcement.o)
                0x00009daa                announcement_register_observer_callback
 .text.announcement_list
                0x00009db0        0xa contiki-sky.a(announcement.o)
                0x00009db0                announcement_list
 .text.announcement_heard
                0x00009dba       0x42 contiki-sky.a(announcement.o)
                0x00009dba                announcement_heard
 .text.adv_packet_sent
                0x00009dfc        0x2 contiki-sky.a(broadcast-annou)
 .text.adv_packet_received
                0x00009dfe       0x64 contiki-sky.a(broadcast-annou)
 .text.set_timers
                0x00009e62       0x4a contiki-sky.a(broadcast-annou)
 .text.send_timer
                0x00009eac       0x32 contiki-sky.a(broadcast-annou)
 .text.send_adv
                0x00009ede       0x66 contiki-sky.a(broadcast-annou)
 .text.new_announcement
                0x00009f44       0x18 contiki-sky.a(broadcast-annou)
 .text.broadcast_announcement_init
                0x00009f5c       0x48 contiki-sky.a(broadcast-annou)
                0x00009f5c                broadcast_announcement_init
 .text.chameleon_init
                0x00009fa4        0x6 contiki-sky.a(chameleon.o)
                0x00009fa4                chameleon_init
 .text.chameleon_parse
                0x00009faa       0x10 contiki-sky.a(chameleon.o)
                0x00009faa                chameleon_parse
 .text.chameleon_create
                0x00009fba       0x1c contiki-sky.a(chameleon.o)
                0x00009fba                chameleon_create
 .text.chameleon_hdrsize
                0x00009fd6        0x6 contiki-sky.a(chameleon.o)
                0x00009fd6                chameleon_hdrsize
 .text.sent     0x00009fdc       0x10 contiki-sky.a(netflood.o)
 .text.dropped  0x00009fec       0x10 contiki-sky.a(netflood.o)
 .text.recv_from_ipolite
                0x00009ffc       0xee contiki-sky.a(netflood.o)
 .text.netflood_open
                0x0000a0ea       0x2e contiki-sky.a(netflood.o)
                0x0000a0ea                netflood_open
 .text.netflood_send
                0x0000a118       0x62 contiki-sky.a(netflood.o)
                0x0000a118                netflood_send
 .text.create_frame.isra.0
                0x0000a17a      0x104 contiki-sky.a(framer-802154.o)
 .text.create   0x0000a27e        0x8 contiki-sky.a(framer-802154.o)
 .text.hdr_length
                0x0000a286        0x8 contiki-sky.a(framer-802154.o)
 .text.parse    0x0000a28e       0xa4 contiki-sky.a(framer-802154.o)
 .text.framer_canonical_create_and_secure
                0x0000a332       0x20 contiki-sky.a(framer.o)
                0x0000a332                framer_canonical_create_and_secure
 .text.mac_sequence_is_duplicate
                0x0000a352       0x3c contiki-sky.a(mac-sequence.o)
                0x0000a352                mac_sequence_is_duplicate
 .text.mac_sequence_register_seqno
                0x0000a38e       0x5c contiki-sky.a(mac-sequence.o)
                0x0000a38e                mac_sequence_register_seqno
 .text.header_size
                0x0000a3ea       0x16 contiki-sky.a(chameleon-bitop)
 .text.get_bits_in_byte
                0x0000a400       0x3a contiki-sky.a(chameleon-bitop)
                0x0000a400                get_bits_in_byte
 .text.get_bits
                0x0000a43a       0xa2 contiki-sky.a(chameleon-bitop)
                0x0000a43a                get_bits
 .text.unpack_header
                0x0000a4dc       0xd2 contiki-sky.a(chameleon-bitop)
 .text.set_bits_in_byte
                0x0000a5ae       0x2c contiki-sky.a(chameleon-bitop)
                0x0000a5ae                set_bits_in_byte
 .text.set_bits
                0x0000a5da       0xc8 contiki-sky.a(chameleon-bitop)
                0x0000a5da                set_bits
 .text.pack_header
                0x0000a6a2       0xbe contiki-sky.a(chameleon-bitop)
 .text.sent     0x0000a760        0x2 contiki-sky.a(ipolite.o)
 .text.send     0x0000a762       0x36 contiki-sky.a(ipolite.o)
 .text.recv     0x0000a798       0xa6 contiki-sky.a(ipolite.o)
 .text.ipolite_open
                0x0000a83e       0x24 contiki-sky.a(ipolite.o)
                0x0000a83e                ipolite_open
 .text.ipolite_send
                0x0000a862       0xaa contiki-sky.a(ipolite.o)
                0x0000a862                ipolite_send
 .text.field_len
                0x0000a90c       0x90 contiki-sky.a(frame802154.o)
 .text.frame802154_hdrlen
                0x0000a99c       0x2e contiki-sky.a(frame802154.o)
                0x0000a99c                frame802154_hdrlen
 .text.frame802154_create
                0x0000a9ca      0x146 contiki-sky.a(frame802154.o)
                0x0000a9ca                frame802154_create
 .text.frame802154_parse
                0x0000ab10      0x1ba contiki-sky.a(frame802154.o)
                0x0000ab10                frame802154_parse
 .text.libgcc   0x0000acca       0x2c /usr/local/msp430/bin/../lib/gcc/msp430/4.7.0/mmpy-16/libgcc.a(_mulsi3.o)
                0x0000acca                __mulsi3
 .text.libgcc   0x0000acf6       0x3a /usr/local/msp430/bin/../lib/gcc/msp430/4.7.0/mmpy-16/libgcc.a(_divmod16.o)
                0x0000acf6                __ext_divmod16
                0x0000acf6                __divhi3
                0x0000ad28                __modhi3
 .text.libgcc   0x0000ad30       0x40 /usr/local/msp430/bin/../lib/gcc/msp430/4.7.0/mmpy-16/libgcc.a(_udivmod32.o)
                0x0000ad30                __udivsi3
                0x0000ad30                __ext_udivmod32
                0x0000ad66                __umodsi3
 .text.libgcc   0x0000ad70       0x22 /usr/local/msp430/bin/../lib/gcc/msp430/4.7.0/mmpy-16/libgcc.a(_udivmod16.o)
                0x0000ad70                __udivhi3
                0x0000ad70                __ext_udivmod16
                0x0000ad8a                __umodhi3
 .text.atoi     0x0000ad92       0x8a /usr/local/msp430/bin/../lib/gcc/msp430/4.7.0/../../../../msp430/lib/mmpy-16/libc.a(atoi.o)
                0x0000ad92                atoi
 .text.printf   0x0000ae1c       0x10 /usr/local/msp430/bin/../lib/gcc/msp430/4.7.0/../../../../msp430/lib/mmpy-16/libc.a(printf.o)
                0x0000ae1c                printf
 .text.append   0x0000ae2c       0x22 /usr/local/msp430/bin/../lib/gcc/msp430/4.7.0/../../../../msp430/lib/mmpy-16/libc.a(sprintf.o)
 .text.call_vuprintf
                0x0000ae4e       0x3a /usr/local/msp430/bin/../lib/gcc/msp430/4.7.0/../../../../msp430/lib/mmpy-16/libc.a(sprintf.o)
 .text.sprintf  0x0000ae88       0x1c /usr/local/msp430/bin/../lib/gcc/msp430/4.7.0/../../../../msp430/lib/mmpy-16/libc.a(sprintf.o)
                0x0000ae88                sprintf
 .text.print_field
                0x0000aea4      0x194 /usr/local/msp430/bin/../lib/gcc/msp430/4.7.0/../../../../msp430/lib/mmpy-16/libc.a(vuprintf.o)
 .text.vuprintf
                0x0000b038      0x63c /usr/local/msp430/bin/../lib/gcc/msp430/4.7.0/../../../../msp430/lib/mmpy-16/libc.a(vuprintf.o)
                0x0000b038                vuprintf
 .text.puts     0x0000b674       0x2c /usr/local/msp430/bin/../lib/gcc/msp430/4.7.0/../../../../msp430/lib/mmpy-16/libc.a(puts.o)
                0x0000b674                puts
 .text.rand     0x0000b6a0       0x26 /usr/local/msp430/bin/../lib/gcc/msp430/4.7.0/../../../../msp430/lib/mmpy-16/libc.a(rand.o)
                0x0000b6a0                rand
 .text.srand    0x0000b6c6        0xa /usr/local/msp430/bin/../lib/gcc/msp430/4.7.0/../../../../msp430/lib/mmpy-16/libc.a(rand.o)
                0x0000b6c6                srand
 .text.strncmp  0x0000b6d0       0x2a /usr/local/msp430/bin/../lib/gcc/msp430/4.7.0/../../../../msp430/lib/mmpy-16/libc.a(strncmp.o)
                0x0000b6d0                strncmp
 .text.memcmp   0x0000b6fa       0x30 /usr/local/msp430/bin/../lib/gcc/msp430/4.7.0/../../../../msp430/lib/mmpy-16/libc.a(memcmp.o)
                0x0000b6fa                memcmp
 .text.strncpy  0x0000b72a       0x2a /usr/local/msp430/bin/../lib/gcc/msp430/4.7.0/../../../../msp430/lib/mmpy-16/libc.a(strncpy.o)
                0x0000b72a                strncpy
 .text.memcpy   0x0000b754       0xfa /usr/local/msp430/bin/../lib/gcc/msp430/4.7.0/../../../../msp430/lib/mmpy-16/libc.a(memcpy.o)
                0x0000b754                memcpy
 .text.memset   0x0000b84e       0x6a /usr/local/msp430/bin/../lib/gcc/msp430/4.7.0/../../../../msp430/lib/mmpy-16/libc.a(memset.o)
                0x0000b84e                memset
 .text.libgcc   0x0000b8b8       0xf0 /usr/local/msp430/bin/../lib/gcc/msp430/4.7.0/mmpy-16/libgcc.a(_udivmod64.o)
                0x0000b8b8                __xabi_udivmod64
                0x0000b916                __udivdi3
                0x0000b93c                __umoddi3
                0x0000b96a                __udivmoddi4
 .text.crt0     0x0000b9a8        0x2 /usr/local/msp430/bin/../lib/gcc/msp430/4.7.0/mmpy-16/libcrt0.a(_unexpected_.o)
                0x0000b9a8                _unexpected_
 *(.near.text .near.text.*)

.rodata         0x0000b9ac      0x4fb
                0x0000b9ac                . = ALIGN (0x2)
 *(.rodata .rodata.* .gnu.linkonce.r.*)
 .rodata        0x0000b9ac      0x1c6 EventDetection.co
                0x0000baf6                autostart_processes
 .rodata        0x0000bb72      0x165 obj_sky/contiki-sky-main.o
 *fill*         0x0000bcd7        0x1 00
 .rodata        0x0000bcd8        0xe contiki-sky.a(sht11-sensor.o)
                0x0000bcde                sht11_sensor
 .rodata        0x0000bce6        0xe contiki-sky.a(light-sensor.o)
                0x0000bcec                light_sensor
 .rodata        0x0000bcf4       0x10 contiki-sky.a(button-sensor.o)
                0x0000bcfc                button_sensor
 .rodata        0x0000bd04        0x8 contiki-sky.a(sensors.o)
 .rodata.get_value
                0x0000bd0c       0x1c contiki-sky.a(cc2420.o)
 .rodata        0x0000bd28       0x3e contiki-sky.a(cc2420.o)
                0x0000bd28                cc2420_aes_128_driver
                0x0000bd2c                cc2420_driver
 .rodata        0x0000bd66       0x26 contiki-sky.a(slip.o)
 .rodata        0x0000bd8c        0xf contiki-sky.a(ctimer.o)
 .rodata        0x0000bd9b        0xc contiki-sky.a(etimer.o)
 *fill*         0x0000bda7        0x1 00
 .rodata.uip_process
                0x0000bda8       0x20 contiki-sky.a(uip.o)
 .rodata        0x0000bdc8        0x8 contiki-sky.a(uip.o)
                0x0000bdc8                uip_all_zeroes_addr
                0x0000bdcc                uip_broadcast_addr
 .rodata        0x0000bdd0        0xe contiki-sky.a(uip-fw-drv.o)
 .rodata        0x0000bdde        0xa contiki-sky.a(uip-over-mesh.o)
 .rodata        0x0000bde8        0xd contiki-sky.a(tcpip.o)
 *fill*         0x0000bdf5        0x1 00
 .rodata        0x0000bdf6        0x8 contiki-sky.a(broadcast.o)
 .rodata        0x0000bdfe        0xc contiki-sky.a(rime.o)
                0x0000be04                rime_driver
 .rodata        0x0000be0a        0xa contiki-sky.a(route-discovery)
 .rodata        0x0000be14        0xa contiki-sky.a(trickle.o)
 .rodata        0x0000be1e        0xa contiki-sky.a(unicast.o)
 .rodata        0x0000be28       0x14 contiki-sky.a(csma.o)
                0x0000be2e                csma_driver
 .rodata        0x0000be3c        0x2 contiki-sky.a(linkaddr.o)
                0x0000be3c                linkaddr_null
 .rodata        0x0000be3e       0x1c contiki-sky.a(contikimac.o)
                0x0000be4a                contikimac_driver
 .rodata        0x0000be5a        0x8 contiki-sky.a(contikimac-fram)
                0x0000be5a                contikimac_framer
 .rodata        0x0000be62       0x14 contiki-sky.a(nullsec.o)
                0x0000be6a                nullsec_driver
 .rodata        0x0000be76        0x2 contiki-sky.a(abc.o)
 .rodata        0x0000be78        0x4 contiki-sky.a(broadcast-annou)
 .rodata        0x0000be7c        0x6 contiki-sky.a(netflood.o)
 .rodata        0x0000be82        0x8 contiki-sky.a(framer-802154.o)
                0x0000be82                framer_802154
 .rodata        0x0000be8a       0x10 contiki-sky.a(chameleon-bitop)
                0x0000be8a                chameleon_bitopt
 .rodata        0x0000be9a        0x4 contiki-sky.a(ipolite.o)
 .rodata        0x0000be9e        0x2 contiki-sky.a(frame802154.o)
 .rodata.vuprintf
                0x0000bea0        0x7 /usr/local/msp430/bin/../lib/gcc/msp430/4.7.0/../../../../msp430/lib/mmpy-16/libc.a(vuprintf.o)
 *(.near.rodata .near.rodata.*)
                0x0000bea8                . = ALIGN (0x2)
                0x0000bea8                _etext = .

.data           0x00001100       0xc4 load address 0x0000bea8
                0x00001100                . = ALIGN (0x2)
                0x00001100                __data_start = .
 *(.data .data.* .gnu.linkonce.d.*)
 .data          0x00001100       0x28 EventDetection.co
                0x00001100                broadcast_intrusion_process
                0x0000110a                actuate_arlam_process
                0x00001114                reset_button_monitor_process
                0x0000111e                light_sensor_montitor_process
 .data          0x00001128       0x18 obj_sky/contiki-sky-main.o
 .data          0x00001140        0x4 contiki-sky.a(contiki-sky-pla)
                0x00001140                sensors
 .data          0x00001144        0x1 contiki-sky.a(sht11-sensor.o)
 *fill*         0x00001145        0x1 00
 .data          0x00001146        0xa contiki-sky.a(sensors.o)
                0x00001146                sensors_process
 .data          0x00001150        0xa contiki-sky.a(cc2420.o)
                0x00001150                cc2420_process
 .data          0x0000115a        0xa contiki-sky.a(slip.o)
                0x0000115a                slip_process
 .data          0x00001164        0x2 contiki-sky.a(msp430.o)
 .data          0x00001166        0xa contiki-sky.a(ctimer.o)
                0x00001166                ctimer_process
 .data          0x00001170        0xa contiki-sky.a(etimer.o)
                0x00001170                etimer_process
 .data          0x0000117a        0xa contiki-sky.a(uip-fw-drv.o)
                0x0000117a                uip_fw_process
 .data          0x00001184        0xa contiki-sky.a(tcpip.o)
                0x00001184                tcpip_process
 .data          0x0000118e        0xa contiki-sky.a(route.o)
 .data          0x00001198       0x18 contiki-sky.a(csma.o)
 .data          0x000011b0       0x10 contiki-sky.a(queuebuf.o)
 .data.next     0x000011c0        0x4 /usr/local/msp430/bin/../lib/gcc/msp430/4.7.0/../../../../msp430/lib/mmpy-16/libc.a(rand.o)
 *(.near.data .near.data.*)
                0x000011c4                . = ALIGN (0x2)
                0x000011c4                _edata = .
                0x0000bea8                __data_load_start = LOADADDR (.data)
                0x000000c4                __data_size = SIZEOF (.data)

.bss            0x000011c4     0x16aa load address 0x0000bf6c
                0x000011c4                __bss_start = .
 *(.bss .bss.*)
 .bss           0x000011c4       0x6a EventDetection.co
 .bss           0x0000122e        0xe obj_sky/contiki-sky-main.o
 .bss           0x0000123c        0x8 contiki-sky.a(button-sensor.o)
 .bss           0x00001244        0x2 contiki-sky.a(node-id.o)
                0x00001244                node_id
 .bss           0x00001246        0x6 contiki-sky.a(sensors.o)
 .bss           0x0000124c        0x8 contiki-sky.a(cc2420.o)
 .bss           0x00001254        0x4 contiki-sky.a(sky-sensors.o)
 .bss           0x00001258       0x9a contiki-sky.a(uart1.o)
 .bss           0x000012f2        0x1 contiki-sky.a(slip_uart1.o)
 *fill*         0x000012f3        0x1 00
 .bss           0x000012f4       0x88 contiki-sky.a(slip.o)
 .bss           0x0000137c        0xa contiki-sky.a(clock.o)
 .bss           0x00001386        0x1 contiki-sky.a(leds.o)
 *fill*         0x00001387        0x1 00
 .bss           0x00001388        0x2 contiki-sky.a(watchdog.o)
 .bss           0x0000138a        0x4 contiki-sky.a(ctimer.o)
 .bss           0x0000138e        0x6 contiki-sky.a(etimer.o)
 .bss           0x00001394       0x42 contiki-sky.a(process.o)
                0x00001394                process_current
                0x00001396                process_list
 .bss           0x000013d6        0x2 contiki-sky.a(rtimer.o)
 .bss           0x000013d8       0x14 contiki-sky.a(uip.o)
                0x000013d8                uip_lladdr
 .bss           0x000013ec      0x1a8 contiki-sky.a(uip-fw.o)
 .bss           0x00001594       0xd2 contiki-sky.a(uip-over-mesh.o)
 .bss           0x00001666       0x36 contiki-sky.a(tcpip.o)
 .bss           0x0000169c        0x2 contiki-sky.a(channel.o)
 .bss           0x0000169e        0x2 contiki-sky.a(rime.o)
 .bss           0x000016a0       0x7e contiki-sky.a(route.o)
 .bss           0x0000171e        0x1 contiki-sky.a(route-discovery)
 *fill*         0x0000171f        0x1 00
 .bss           0x00001720      0x128 contiki-sky.a(csma.o)
 .bss           0x00001848       0xb8 contiki-sky.a(packetbuf.o)
 .bss           0x00001900      0xc20 contiki-sky.a(queuebuf.o)
 .bss           0x00002520       0x32 contiki-sky.a(contikimac.o)
 .bss           0x00002552        0x8 contiki-sky.a(compower.o)
 .bss           0x0000255a        0x6 contiki-sky.a(announcement.o)
 .bss           0x00002560       0x46 contiki-sky.a(broadcast-annou)
 .bss           0x000025a6        0x2 contiki-sky.a(framer-802154.o)
 .bss           0x000025a8       0x40 contiki-sky.a(mac-sequence.o)
 .bss.destination_
                0x000025e8        0x2 /usr/local/msp430/bin/../lib/gcc/msp430/4.7.0/../../../../msp430/lib/mmpy-16/libc.a(sprintf.o)
 .bss.available_
                0x000025ea        0x2 /usr/local/msp430/bin/../lib/gcc/msp430/4.7.0/../../../../msp430/lib/mmpy-16/libc.a(sprintf.o)
 *(.near.bss .near.bss.*)
 *(COMMON)
 COMMON         0x000025ec        0x2 contiki-sky.a(contiki-sky-pla)
                0x000025ec                sensors_flags
 COMMON         0x000025ee        0x8 contiki-sky.a(ds2411.o)
                0x000025ee                ds2411_id
 COMMON         0x000025f6        0x1 contiki-sky.a(sensors.o)
                0x000025f6                sensors_event
 *fill*         0x000025f7        0x1 00
 COMMON         0x000025f8       0x10 contiki-sky.a(cc2420.o)
                0x000025f8                cc2420_last_rssi
                0x000025fa                cc2420_sfd_start_time
                0x000025fc                cc2420_time_of_departure
                0x000025fe                cc2420_time_of_arrival
                0x00002600                cc2420_last_correlation
                0x00002602                cc2420_authority_level_of_sender
                0x00002604                cc2420_sfd_counter
                0x00002606                cc2420_sfd_end_time
 COMMON         0x00002608        0x1 contiki-sky.a(slip.o)
                0x00002608                slip_active
 *fill*         0x00002609        0x1 00
 COMMON         0x0000260a        0x2 contiki-sky.a(msp430.o)
                0x0000260a                msp430_dco_required
 COMMON         0x0000260c       0x56 contiki-sky.a(energest.o)
                0x0000260c                energest_total_time
                0x0000263c                energest_total_count
                0x0000263e                energest_current_mode
                0x0000264a                energest_current_time
 COMMON         0x00002662        0x1 contiki-sky.a(process.o)
                0x00002662                process_maxevents
 *fill*         0x00002663        0x1 00
 COMMON         0x00002664      0x1c2 contiki-sky.a(uip.o)
                0x00002664                uip_len
                0x00002666                uip_sappdata
                0x00002668                uip_acc32
                0x0000266c                uip_aligned_buf
                0x000026d8                uip_flags
                0x000026da                uip_udp_conn
                0x000026dc                uip_appdata
                0x000026de                uip_conn
                0x000026e0                uip_conns
                0x00002760                uip_listenports
                0x00002770                uip_draddr
                0x00002774                uip_netmask
                0x00002778                uip_hostaddr
                0x0000277c                uip_slen
                0x0000277e                uip_udp_conns
 COMMON         0x00002826        0x2 contiki-sky.a(tcpip.o)
                0x00002826                tcpip_is_forwarding
                0x00002827                tcpip_event
 COMMON         0x00002828        0x2 contiki-sky.a(linkaddr.o)
                0x00002828                linkaddr_node_addr
 COMMON         0x0000282a       0x3c contiki-sky.a(packetbuf.o)
                0x0000282a                packetbuf_addrs
                0x00002832                packetbuf_attrs
 COMMON         0x00002866        0x8 contiki-sky.a(compower.o)
                0x00002866                compower_idle_activity
                0x0000286e                . = ALIGN (0x2)
                0x0000286e                __bss_end = .
                0x000016aa                __bss_size = SIZEOF (.bss)

.noinit         0x0000286e        0x2 load address 0x0000bf6c
                0x0000286e                . = ALIGN (0x2)
                0x0000286e                __noinit_start = .
 *(.noinit .noinit.*)
 .noinit.crt0   0x0000286e        0x2 /usr/local/msp430/bin/../lib/gcc/msp430/4.7.0/mmpy-16/libcrt0.a(__watchdog_support.o)
                0x0000286e                __wdt_clear_value
                0x00002870                . = ALIGN (0x2)
                0x00002870                __noinit_end = .
                0x00002870                . = ALIGN (0x2)
                0x00002870                _end = .

.infomem        0x00001000        0x0
                0x00001000                . = ALIGN (0x2)
 *(.infomem .infomem.*)

.infomemnobits  0x00001000        0x0
                0x00001000                . = ALIGN (0x2)
 *(.infomemnobits .infomemnobits.*)

.infoa          0x00001080        0x0
                0x00001080                . = ALIGN (0x2)
 *(.infoa .infoa.*)

.infob          0x00001000        0x0
                0x00001000                . = ALIGN (0x2)
 *(.infob .infob.*)

.infoc          0x00000000        0x0
                0x00000000                . = ALIGN (0x2)
 *(.infoc .infoc.*)

.infod          0x00000000        0x0
                0x00000000                . = ALIGN (0x2)
 *(.infod .infod.*)

.vectors        0x0000ffe0       0x20
                0x0000ffe0                __vectors_start = .
 *(.vectors*)
 .vectors       0x0000ffe0       0x20 /usr/local/msp430/bin/../lib/gcc/msp430/4.7.0/mmpy-16/crt0ivtbl16.o
                0x0000ffe0                __ivtbl_16
                0x00010000                _vectors_end = .

.fartext        0x00000000        0x0
                0x00000000                . = ALIGN (0x2)
 *(.fartext .fartext.*)

.far.text       0x00000000        0x0
                0x00000000                . = ALIGN (0x2)
 *(.far.text .far.text.*)

.far.rodata     0x00000000        0x0
                0x00000000                . = ALIGN (0x2)
 *(.far.rodata .far.rodata.*)
                0x00000000                . = ALIGN (0x2)
                0x00000000                _efartext = .

.far.data       0x00000000        0x0
                0x00000000                . = ALIGN (0x2)
                0x00000000                __far_data_start = .
 *(.far.data .far.data.*)
                0x00000000                . = ALIGN (0x2)
                0x00000000                _efardata = .
                0x00000000                __far_data_load_start = LOADADDR (.far.data)
                0x00000000                __far_data_size = SIZEOF (.far.data)

.far.bss        0x00000000        0x0
                0x00000000                . = ALIGN (0x2)
                0x00000000                __far_bss_start = .
 *(.far.bss .far.bss.*)
                0x00000000                . = ALIGN (0x2)
                0x00000000                __far_bss_end = .
                0x00000000                __far_bss_size = SIZEOF (.far.bss)
                0x00000000                . = ALIGN (0x2)
                0x00000000                _far_end = .

.profiler
 *(.profiler)

.stab           0x00000000    0x23868
 *(.stab)
 .stab          0x00000000     0x1c80 EventDetection.co
 .stab          0x00001c80     0x1134 obj_sky/contiki-sky-main.o
                               0x195c (size before relaxing)
 .stab          0x00002db4      0x24c contiki-sky.a(contiki-sky-pla)
                                0x5ac (size before relaxing)
 .stab          0x00003000      0x438 contiki-sky.a(sht11-sensor.o)
                                0x948 (size before relaxing)
 .stab          0x00003438      0x324 contiki-sky.a(light-sensor.o)
                                0x690 (size before relaxing)
 .stab          0x0000375c      0x468 contiki-sky.a(button-sensor.o)
                                0x7d4 (size before relaxing)
 .stab          0x00003bc4      0x618 contiki-sky.a(ds2411.o)
                                0xb34 (size before relaxing)
 .stab          0x000041dc      0x9d8 contiki-sky.a(xmem.o)
                                0xf00 (size before relaxing)
 .stab          0x00004bb4      0x2b8 contiki-sky.a(node-id.o)
                                0x4e0 (size before relaxing)
 .stab          0x00004e6c      0x684 contiki-sky.a(sensors.o)
                                0xbb8 (size before relaxing)
 .stab          0x000054f0     0x2574 contiki-sky.a(cc2420.o)
                               0x2c40 (size before relaxing)
 .stab          0x00007a64      0x81c contiki-sky.a(cc2420-arch.o)
                               0x13f8 (size before relaxing)
 .stab          0x00008280      0x4ec contiki-sky.a(sky-sensors.o)
                                0x858 (size before relaxing)
 .stab          0x0000876c      0x600 contiki-sky.a(uart1.o)
                                0x954 (size before relaxing)
 .stab          0x00008d6c      0x330 contiki-sky.a(slip_uart1.o)
                                0x684 (size before relaxing)
 .stab          0x0000909c      0xb70 contiki-sky.a(slip.o)
                               0x1308 (size before relaxing)
 .stab          0x00009c0c      0x72c contiki-sky.a(msp430.o)
                                0xa80 (size before relaxing)
 .stab          0x0000a338      0x930 contiki-sky.a(clock.o)
                                0xc84 (size before relaxing)
 .stab          0x0000ac68      0x5a0 contiki-sky.a(leds.o)
                                0x7ec (size before relaxing)
 .stab          0x0000b208      0x378 contiki-sky.a(leds-arch.o)
                                0x6cc (size before relaxing)
 .stab          0x0000b580      0x3cc contiki-sky.a(watchdog.o)
                                0x720 (size before relaxing)
 .stab          0x0000b94c      0x3b4 contiki-sky.a(rtimer-arch.o)
                                0x708 (size before relaxing)
 .stab          0x0000bd00      0x294 contiki-sky.a(autostart.o)
                                0x534 (size before relaxing)
 .stab          0x0000bf94      0x78c contiki-sky.a(ctimer.o)
                                0xaf8 (size before relaxing)
 .stab          0x0000c720      0x474 contiki-sky.a(energest.o)
                                0x6fc (size before relaxing)
 .stab          0x0000cb94      0x9fc contiki-sky.a(etimer.o)
                                0xccc (size before relaxing)
 .stab          0x0000d590      0xb70 contiki-sky.a(process.o)
                               0x1008 (size before relaxing)
 .stab          0x0000e100      0x3cc contiki-sky.a(rtimer.o)
                                0x6b4 (size before relaxing)
 .stab          0x0000e4cc      0x348 contiki-sky.a(timer.o)
                                0x588 (size before relaxing)
 .stab          0x0000e814      0x7bc contiki-sky.a(list.o)
                                0x7c8 (size before relaxing)
 .stab          0x0000efd0      0x21c contiki-sky.a(random.o)
                                0x618 (size before relaxing)
 .stab          0x0000f1ec     0x2418 contiki-sky.a(uip.o)
                               0x2b74 (size before relaxing)
 .stab          0x00011604      0x960 contiki-sky.a(uip-fw.o)
                               0x10d4 (size before relaxing)
 .stab          0x00011f64      0x2d0 contiki-sky.a(uip-fw-drv.o)
                                0xa38 (size before relaxing)
 .stab          0x00012234      0xb34 contiki-sky.a(uip-over-mesh.o)
                               0x180c (size before relaxing)
 .stab          0x00012d68     0x1044 contiki-sky.a(tcpip.o)
                               0x1ea8 (size before relaxing)
 .stab          0x00013dac      0x6cc contiki-sky.a(broadcast.o)
                               0x1500 (size before relaxing)
 .stab          0x00014478      0x678 contiki-sky.a(channel.o)
                               0x1278 (size before relaxing)
 .stab          0x00014af0      0xcb4 contiki-sky.a(rime.o)
                               0x13f8 (size before relaxing)
 .stab          0x000157a4      0x9e4 contiki-sky.a(route.o)
                                0xedc (size before relaxing)
 .stab          0x00016188      0xa08 contiki-sky.a(route-discovery)
                               0x16b0 (size before relaxing)
 .stab          0x00016b90      0x7c8 contiki-sky.a(trickle.o)
                               0x1074 (size before relaxing)
 .stab          0x00017358      0x618 contiki-sky.a(unicast.o)
                               0x1290 (size before relaxing)
 .stab          0x00017970      0xdec contiki-sky.a(csma.o)
                               0x159c (size before relaxing)
 .stab          0x0001875c      0x1f8 contiki-sky.a(mac.o)
                                0x4ec (size before relaxing)
 .stab          0x00018954      0x2ac contiki-sky.a(linkaddr.o)
                                0x6a8 (size before relaxing)
 .stab          0x00018c00      0xd74 contiki-sky.a(packetbuf.o)
                               0x1bc0 (size before relaxing)
 .stab          0x00019974      0xa38 contiki-sky.a(queuebuf.o)
                               0x186c (size before relaxing)
 .stab          0x0001a3ac     0x17ac contiki-sky.a(contikimac.o)
                               0x23b8 (size before relaxing)
 .stab          0x0001bb58      0x6d8 contiki-sky.a(contikimac-fram)
                                0xf18 (size before relaxing)
 .stab          0x0001c230      0x684 contiki-sky.a(nullsec.o)
                                0xd80 (size before relaxing)
 .stab          0x0001c8b4      0xbb8 contiki-sky.a(sht11.o)
                               0x10e0 (size before relaxing)
 .stab          0x0001d46c      0x1f8 contiki-sky.a(spi.o)
                                0x420 (size before relaxing)
 .stab          0x0001d664      0x300 contiki-sky.a(uip-ipchksum.o)
                                0xa50 (size before relaxing)
 .stab          0x0001d964      0x4ec contiki-sky.a(compower.o)
                                0xcf0 (size before relaxing)
 .stab          0x0001de50      0x5c4 contiki-sky.a(memb.o)
                                0xaf8 (size before relaxing)
 .stab          0x0001e414      0x660 contiki-sky.a(abc.o)
                               0x1494 (size before relaxing)
 .stab          0x0001ea74      0x6b4 contiki-sky.a(announcement.o)
                                0x954 (size before relaxing)
 .stab          0x0001f128      0x948 contiki-sky.a(broadcast-annou)
                               0x15c0 (size before relaxing)
 .stab          0x0001fa70      0x588 contiki-sky.a(chameleon.o)
                               0x1230 (size before relaxing)
 .stab          0x0001fff8      0x750 contiki-sky.a(netflood.o)
                               0x1014 (size before relaxing)
 .stab          0x00020748      0x918 contiki-sky.a(framer-802154.o)
                                0xf54 (size before relaxing)
 .stab          0x00021060      0x318 contiki-sky.a(framer.o)
                                0xc54 (size before relaxing)
 .stab          0x00021378      0x600 contiki-sky.a(mac-sequence.o)
                               0x144c (size before relaxing)
 .stab          0x00021978      0xd44 contiki-sky.a(chameleon-bitop)
                               0x19bc (size before relaxing)
 .stab          0x000226bc      0x8b8 contiki-sky.a(ipolite.o)
                               0x153c (size before relaxing)
 .stab          0x00022f74      0x8f4 contiki-sky.a(frame802154.o)
                               0x10c8 (size before relaxing)

.stabstr        0x00000000    0x1a44e
 *(.stabstr)
 .stabstr       0x00000000    0x1a44e EventDetection.co

.stab.excl
 *(.stab.excl)

.stab.exclstr
 *(.stab.exclstr)

.stab.index
 *(.stab.index)

.stab.indexstr
 *(.stab.indexstr)

.comment        0x00000000       0x30
 *(.comment)
 .comment       0x00000000       0x30 EventDetection.co
                                 0x31 (size before relaxing)
 .comment       0x00000000       0x31 obj_sky/contiki-sky-main.o
 .comment       0x00000000       0x31 contiki-sky.a(contiki-sky-pla)
 .comment       0x00000000       0x31 contiki-sky.a(sht11-sensor.o)
 .comment       0x00000000       0x31 contiki-sky.a(light-sensor.o)
 .comment       0x00000000       0x31 contiki-sky.a(button-sensor.o)
 .comment       0x00000000       0x31 contiki-sky.a(ds2411.o)
 .comment       0x00000000       0x31 contiki-sky.a(xmem.o)
 .comment       0x00000000       0x31 contiki-sky.a(node-id.o)
 .comment       0x00000000       0x31 contiki-sky.a(sensors.o)
 .comment       0x00000000       0x31 contiki-sky.a(cc2420.o)
 .comment       0x00000000       0x31 contiki-sky.a(cc2420-arch.o)
 .comment       0x00000000       0x31 contiki-sky.a(sky-sensors.o)
 .comment       0x00000000       0x31 contiki-sky.a(uart1.o)
 .comment       0x00000000       0x31 contiki-sky.a(slip_uart1.o)
 .comment       0x00000000       0x31 contiki-sky.a(slip.o)
 .comment       0x00000000       0x31 contiki-sky.a(msp430.o)
 .comment       0x00000000       0x31 contiki-sky.a(clock.o)
 .comment       0x00000000       0x31 contiki-sky.a(leds.o)
 .comment       0x00000000       0x31 contiki-sky.a(leds-arch.o)
 .comment       0x00000000       0x31 contiki-sky.a(watchdog.o)
 .comment       0x00000000       0x31 contiki-sky.a(rtimer-arch.o)
 .comment       0x00000000       0x31 contiki-sky.a(autostart.o)
 .comment       0x00000000       0x31 contiki-sky.a(ctimer.o)
 .comment       0x00000000       0x31 contiki-sky.a(energest.o)
 .comment       0x00000000       0x31 contiki-sky.a(etimer.o)
 .comment       0x00000000       0x31 contiki-sky.a(process.o)
 .comment       0x00000000       0x31 contiki-sky.a(rtimer.o)
 .comment       0x00000000       0x31 contiki-sky.a(timer.o)
 .comment       0x00000000       0x31 contiki-sky.a(list.o)
 .comment       0x00000000       0x31 contiki-sky.a(random.o)
 .comment       0x00000000       0x31 contiki-sky.a(uip.o)
 .comment       0x00000000       0x31 contiki-sky.a(uip-fw.o)
 .comment       0x00000000       0x31 contiki-sky.a(uip-fw-drv.o)
 .comment       0x00000000       0x31 contiki-sky.a(uip-over-mesh.o)
 .comment       0x00000000       0x31 contiki-sky.a(tcpip.o)
 .comment       0x00000000       0x31 contiki-sky.a(broadcast.o)
 .comment       0x00000000       0x31 contiki-sky.a(channel.o)
 .comment       0x00000000       0x31 contiki-sky.a(rime.o)
 .comment       0x00000000       0x31 contiki-sky.a(route.o)
 .comment       0x00000000       0x31 contiki-sky.a(route-discovery)
 .comment       0x00000000       0x31 contiki-sky.a(trickle.o)
 .comment       0x00000000       0x31 contiki-sky.a(unicast.o)
 .comment       0x00000000       0x31 contiki-sky.a(csma.o)
 .comment       0x00000000       0x31 contiki-sky.a(mac.o)
 .comment       0x00000000       0x31 contiki-sky.a(linkaddr.o)
 .comment       0x00000000       0x31 contiki-sky.a(packetbuf.o)
 .comment       0x00000000       0x31 contiki-sky.a(queuebuf.o)
 .comment       0x00000000       0x31 contiki-sky.a(contikimac.o)
 .comment       0x00000000       0x31 contiki-sky.a(contikimac-fram)
 .comment       0x00000000       0x31 contiki-sky.a(nullsec.o)
 .comment       0x00000000       0x31 contiki-sky.a(sht11.o)
 .comment       0x00000000       0x31 contiki-sky.a(spi.o)
 .comment       0x00000000       0x31 contiki-sky.a(uip-ipchksum.o)
 .comment       0x00000000       0x31 contiki-sky.a(compower.o)
 .comment       0x00000000       0x31 contiki-sky.a(memb.o)
 .comment       0x00000000       0x31 contiki-sky.a(abc.o)
 .comment       0x00000000       0x31 contiki-sky.a(announcement.o)
 .comment       0x00000000       0x31 contiki-sky.a(broadcast-annou)
 .comment       0x00000000       0x31 contiki-sky.a(chameleon.o)
 .comment       0x00000000       0x31 contiki-sky.a(netflood.o)
 .comment       0x00000000       0x31 contiki-sky.a(framer-802154.o)
 .comment       0x00000000       0x31 contiki-sky.a(framer.o)
 .comment       0x00000000       0x31 contiki-sky.a(mac-sequence.o)
 .comment       0x00000000       0x31 contiki-sky.a(chameleon-bitop)
 .comment       0x00000000       0x31 contiki-sky.a(ipolite.o)
 .comment       0x00000000       0x31 contiki-sky.a(frame802154.o)
 .comment       0x00000000       0x31 /usr/local/msp430/bin/../lib/gcc/msp430/4.7.0/../../../../msp430/lib/mmpy-16/libc.a(atoi.o)
 .comment       0x00000000       0x31 /usr/local/msp430/bin/../lib/gcc/msp430/4.7.0/../../../../msp430/lib/mmpy-16/libc.a(printf.o)
 .comment       0x00000000       0x31 /usr/local/msp430/bin/../lib/gcc/msp430/4.7.0/../../../../msp430/lib/mmpy-16/libc.a(sprintf.o)
 .comment       0x00000000       0x31 /usr/local/msp430/bin/../lib/gcc/msp430/4.7.0/../../../../msp430/lib/mmpy-16/libc.a(vuprintf.o)
 .comment       0x00000000       0x31 /usr/local/msp430/bin/../lib/gcc/msp430/4.7.0/../../../../msp430/lib/mmpy-16/libc.a(puts.o)
 .comment       0x00000000       0x31 /usr/local/msp430/bin/../lib/gcc/msp430/4.7.0/../../../../msp430/lib/mmpy-16/libc.a(rand.o)
 .comment       0x00000000       0x31 /usr/local/msp430/bin/../lib/gcc/msp430/4.7.0/../../../../msp430/lib/mmpy-16/libc.a(strncmp.o)
 .comment       0x00000000       0x31 /usr/local/msp430/bin/../lib/gcc/msp430/4.7.0/../../../../msp430/lib/mmpy-16/libc.a(memcmp.o)
 .comment       0x00000000       0x31 /usr/local/msp430/bin/../lib/gcc/msp430/4.7.0/../../../../msp430/lib/mmpy-16/libc.a(strncpy.o)
 .comment       0x00000000       0x31 /usr/local/msp430/bin/../lib/gcc/msp430/4.7.0/../../../../msp430/lib/mmpy-16/libc.a(memcpy.o)
 .comment       0x00000000       0x31 /usr/local/msp430/bin/../lib/gcc/msp430/4.7.0/../../../../msp430/lib/mmpy-16/libc.a(memset.o)

.debug
 *(.debug)

.line
 *(.line)

.debug_srcinfo
 *(.debug_srcinfo)

.debug_sfnames
 *(.debug_sfnames)

.debug_aranges  0x00000000      0x1f0
 *(.debug_aranges)
 .debug_aranges
                0x00000000       0x14 /usr/local/msp430/bin/../lib/gcc/msp430/4.7.0/mmpy-16/crt0ivtbl16.o
 .debug_aranges
                0x00000014       0x14 /usr/local/msp430/bin/../lib/gcc/msp430/4.7.0/mmpy-16/libgcc.a(_mulsi3.o)
 .debug_aranges
                0x00000028       0x14 /usr/local/msp430/bin/../lib/gcc/msp430/4.7.0/mmpy-16/libgcc.a(_divmod16.o)
 .debug_aranges
                0x0000003c       0x14 /usr/local/msp430/bin/../lib/gcc/msp430/4.7.0/mmpy-16/libgcc.a(_udivmod32.o)
 .debug_aranges
                0x00000050       0x14 /usr/local/msp430/bin/../lib/gcc/msp430/4.7.0/mmpy-16/libgcc.a(_udivmod16.o)
 .debug_aranges
                0x00000064       0x14 /usr/local/msp430/bin/../lib/gcc/msp430/4.7.0/../../../../msp430/lib/mmpy-16/libc.a(atoi.o)
 .debug_aranges
                0x00000078       0x18 /usr/local/msp430/bin/../lib/gcc/msp430/4.7.0/../../../../msp430/lib/mmpy-16/libc.a(printf.o)
 .debug_aranges
                0x00000090       0x28 /usr/local/msp430/bin/../lib/gcc/msp430/4.7.0/../../../../msp430/lib/mmpy-16/libc.a(sprintf.o)
 .debug_aranges
                0x000000b8       0x18 /usr/local/msp430/bin/../lib/gcc/msp430/4.7.0/../../../../msp430/lib/mmpy-16/libc.a(vuprintf.o)
 .debug_aranges
                0x000000d0       0x14 /usr/local/msp430/bin/../lib/gcc/msp430/4.7.0/../../../../msp430/lib/mmpy-16/libc.a(puts.o)
 .debug_aranges
                0x000000e4       0x1c /usr/local/msp430/bin/../lib/gcc/msp430/4.7.0/../../../../msp430/lib/mmpy-16/libc.a(rand.o)
 .debug_aranges
                0x00000100       0x14 /usr/local/msp430/bin/../lib/gcc/msp430/4.7.0/../../../../msp430/lib/mmpy-16/libc.a(strncmp.o)
 .debug_aranges
                0x00000114       0x14 /usr/local/msp430/bin/../lib/gcc/msp430/4.7.0/../../../../msp430/lib/mmpy-16/libc.a(memcmp.o)
 .debug_aranges
                0x00000128       0x14 /usr/local/msp430/bin/../lib/gcc/msp430/4.7.0/../../../../msp430/lib/mmpy-16/libc.a(strncpy.o)
 .debug_aranges
                0x0000013c       0x14 /usr/local/msp430/bin/../lib/gcc/msp430/4.7.0/../../../../msp430/lib/mmpy-16/libc.a(memcpy.o)
 .debug_aranges
                0x00000150       0x14 /usr/local/msp430/bin/../lib/gcc/msp430/4.7.0/../../../../msp430/lib/mmpy-16/libc.a(memset.o)
 .debug_aranges
                0x00000164       0x14 /usr/local/msp430/bin/../lib/gcc/msp430/4.7.0/mmpy-16/libgcc.a(_udivmod64.o)
 .debug_aranges
                0x00000178       0x14 /usr/local/msp430/bin/../lib/gcc/msp430/4.7.0/mmpy-16/libcrt0.a(__watchdog_support.o)
 .debug_aranges
                0x0000018c       0x14 /usr/local/msp430/bin/../lib/gcc/msp430/4.7.0/mmpy-16/libcrt0.a(__init_stack.o)
 .debug_aranges
                0x000001a0       0x14 /usr/local/msp430/bin/../lib/gcc/msp430/4.7.0/mmpy-16/libcrt0.a(_copy_data.o)
 .debug_aranges
                0x000001b4       0x14 /usr/local/msp430/bin/../lib/gcc/msp430/4.7.0/mmpy-16/libcrt0.a(_clear_bss.o)
 .debug_aranges
                0x000001c8       0x14 /usr/local/msp430/bin/../lib/gcc/msp430/4.7.0/mmpy-16/libcrt0.a(_endless_loop__.o)
 .debug_aranges
                0x000001dc       0x14 /usr/local/msp430/bin/../lib/gcc/msp430/4.7.0/mmpy-16/libcrt0.a(_unexpected_.o)

.debug_pubnames
 *(.debug_pubnames)

.debug_info     0x00000000     0x1912
 *(.debug_info)
 .debug_info    0x00000000       0x9b /usr/local/msp430/bin/../lib/gcc/msp430/4.7.0/mmpy-16/crt0ivtbl16.o